ASxxxx Linker V05.50.4-SDLD,  page 1.
Hexadecimal  [32-Bits]

Area                                    Addr        Size        Decimal Bytes (Attributes)
--------------------------------        ----        ----        ------- ----- ------------
.  .ABS.                            00000000    00000000 =           0. bytes (ABS,CON)

         Value  Global                             Global Defined In Module
         -----  --------------------------------   ------------------------
     00000000  .__.ABS.                           strlen
     00000000  l__CABS                         
     00000000  l__DABS                         
     00000000  l__HEADER                       
     00000000  l__HOME                         
     00000000  l__INITFINAL                    
     00000000  s__CABS                         
     00000000  s__DABS                         
     00000000  s__HEADER                       
     00000000  s__HEADER0                      
     00000001  l__GSFINAL                      
     00000002  l__BSS                          
     00000002  l__HEAP                         
     00000015  l__INITIALIZED                  
     00000015  l__INITIALIZER                  
     0000001B  l__HEADER0                      
     00000025  l__GSINIT                       
     0000011E  l__DATA                         
     00000200  s__CODE                         
     00001A64  l__CODE                         
     00001C64  s__GSINIT                       
     00001C89  s__GSFINAL                      
     00001C8A  s__HOME                         
     00001C8A  s__INITIALIZER                  
     00001C9F  s__INITFINAL                    
     00001C9F  s__INITIALIZED                  
     00001CB4  s__DATA                         
     00001DD2  s__BSS                          
     00001DD4  s__HEAP                         

ASxxxx Linker V05.50.4-SDLD,  page 2.
Hexadecimal  [32-Bits]

Area                                    Addr        Size        Decimal Bytes (Attributes)
--------------------------------        ----        ----        ------- ----- ------------
_CODE                               00000200    00001A64 =        6756. bytes (REL,CON)

         Value  Global                             Global Defined In Module
         -----  --------------------------------   ------------------------
     00000200  _bdos                              smram
     0000020C  _bdos_c_write                      smram
     00000213  _bdos_c_rawio                      smram
     0000021B  _putchar                           smram
     00000226  _getchar                           smram
     00000230  _fputs                             smram
     0000023F  _to_upper                          smram
     00000248  _enaslt                            smram
     0000025D  _rdslt                             smram
     00000267  _chgcpu                            smram
     00000289  _dos2_open                         smram
     0000029B  _dos2_close                        smram
     000002A4  _dos2_read                         smram
     000002BE  _dos2_getenv                       smram
     000002C6  _hexToNum                          smram
     000002D3  _jump                              smram
     000002D8  _runROM_page1                      smram
     00000309  _runROM_page0                      smram
     00000309  _runROM_page1_end                  smram
     0000033D  _runROM_page0_end                  smram
     0000033D  _runROM_page2                      smram
     0000036E  _runROM_page2_end                  smram
     0000036E  _runROM_page3                      smram
     000003A0  _runROM_Reset                      smram
     000003A0  _runROM_page3_end                  smram
     000003CF  _print_mapper_type                 smram
     000003CF  _runROM_Reset_end                  smram
     00000505  _main                              smram
     00001119  _vprintf                           vprintf
     00001125  _printf                            vprintf
     00001201  __print_format                     printf_large
     00001C57  ___sdcc_call_hl                    
     00001C58  _strlen                            strlen
ASxxxx Linker V05.50.4-SDLD,  page 3.
Hexadecimal  [32-Bits]

Area                                    Addr        Size        Decimal Bytes (Attributes)
--------------------------------        ----        ----        ------- ----- ------------
_HEADER0                            00000000    0000001B =          27. bytes (ABS,CON)

         Value  Global                             Global Defined In Module
         -----  --------------------------------   ------------------------
ASxxxx Linker V05.50.4-SDLD,  page 4.
Hexadecimal  [32-Bits]

Area                                    Addr        Size        Decimal Bytes (Attributes)
--------------------------------        ----        ----        ------- ----- ------------
_GSINIT                             00001C64    00000025 =          37. bytes (REL,CON)

         Value  Global                             Global Defined In Module
         -----  --------------------------------   ------------------------
ASxxxx Linker V05.50.4-SDLD,  page 5.
Hexadecimal  [32-Bits]

Area                                    Addr        Size        Decimal Bytes (Attributes)
--------------------------------        ----        ----        ------- ----- ------------
_GSFINAL                            00001C89    00000001 =           1. bytes (REL,CON)

         Value  Global                             Global Defined In Module
         -----  --------------------------------   ------------------------
ASxxxx Linker V05.50.4-SDLD,  page 6.
Hexadecimal  [32-Bits]

Area                                    Addr        Size        Decimal Bytes (Attributes)
--------------------------------        ----        ----        ------- ----- ------------
_INITIALIZER                        00001C8A    00000015 =          21. bytes (REL,CON)

         Value  Global                             Global Defined In Module
         -----  --------------------------------   ------------------------
ASxxxx Linker V05.50.4-SDLD,  page 7.
Hexadecimal  [32-Bits]

Area                                    Addr        Size        Decimal Bytes (Attributes)
--------------------------------        ----        ----        ------- ----- ------------
_INITIALIZED                        00001C9F    00000015 =          21. bytes (REL,CON)

         Value  Global                             Global Defined In Module
         -----  --------------------------------   ------------------------
     00001C9F  _found                             smram
     00001CA0  _filename                          smram
     00001CA2  _megaram_type                      smram
     00001CA4  _paramlen                          smram
     00001CA5  _presAB                            smram
     00001CA6  _softReset                         smram
     00001CA7  _mapperSpecified                   smram
     00001CA8  _headerValid                       smram
     00001CA9  _linearHeaderValid                 smram
     00001CAA  _exitAfterLoad                     smram
     00001CAB  _stepDebug                         smram
     00001CAC  _breakpointAddressSpecified        smram
     00001CAD  _cpumode                           smram
     00001CAE  _startpage                         smram
     00001CAF  _loadpage                          smram
     00001CB0  _help                              smram
     00001CB1  _scc_vol                           smram
     00001CB2  _psg_vol                           smram
     00001CB3  _opll_vol                          smram

ASxxxx Linker V05.50.4-SDLD,  page 8.
Hexadecimal  [32-Bits]

Area                                    Addr        Size        Decimal Bytes (Attributes)
--------------------------------        ----        ----        ------- ----- ------------
_DATA                               00001CB4    0000011E =         286. bytes (REL,CON)

         Value  Global                             Global Defined In Module
         -----  --------------------------------   ------------------------
     00001CB4  _curslt                            smram
     00001CB5  _cursslt                           smram
     00001CB6  _sslt                              smram
     00001CB7  _b                                 smram
     00001CB8  _s                                 smram
     00001CBA  _t                                 smram
     00001CBC  _params                            smram
     00001CBE  _handle                            smram
     00001CBF  _bytes_read                        smram
     00001CC1  _i                                 smram
     00001CC3  _addr                              smram
     00001CC5  _page                              smram
     00001CC6  _romsize                           smram
     00001CCA  _slotid                            smram
     00001CCB  _path                              smram
     00001DCB  _romstart                          smram
     00001DCD  _breakpointAddress                 smram
     00001DCF  _linearRomstart                    smram
     00001DD1  _c                                 smram

ASxxxx Linker V05.50.4-SDLD,  page 9.
Hexadecimal  [32-Bits]

Area                                    Addr        Size        Decimal Bytes (Attributes)
--------------------------------        ----        ----        ------- ----- ------------
_BSS                                00001DD2    00000002 =           2. bytes (REL,CON)

         Value  Global                             Global Defined In Module
         -----  --------------------------------   ------------------------
     00001DD2  __himem                            crt0
     00001DD4  __lomem                            crt0

ASxxxx Linker V05.50.4-SDLD,  page 10.
Hexadecimal  [32-Bits]

Area                                    Addr        Size        Decimal Bytes (Attributes)
--------------------------------        ----        ----        ------- ----- ------------
_HEAP                               00001DD4    00000002 =           2. bytes (REL,CON)

         Value  Global                             Global Defined In Module
         -----  --------------------------------   ------------------------
     00001DD4  __heap_start                       crt0

ASxxxx Linker V05.50.4-SDLD,  page 11.

Files Linked                              [ module(s) ]

crt0.rel                                  [ crt0 ]
smram.rel                                 [ smram ]


Libraries Linked                          [ object file ]

/opt/homebrew/bin/../share/sdcc/lib/z80/z80.lib
                                          [ vprintf.rel ]
/opt/homebrew/bin/../share/sdcc/lib/z80/z80.lib
                                          [ printf_large.rel ]
/opt/homebrew/bin/../share/sdcc/lib/z80/z80.lib
                                          [ __sdcc_call_hl.rel ]
/opt/homebrew/bin/../share/sdcc/lib/z80/z80.lib
                                          [ strlen.rel ]

ASxxxx Linker V05.50.4-SDLD,  page 12.

User Base Address Definitions

_CODE = 0x0200
_DATA = 0x0000

