ASxxxx Linker V05.50.4-SDLD,  page 1.
Hexadecimal  [32-Bits]

Area                                    Addr        Size        Decimal Bytes (Attributes)
--------------------------------        ----        ----        ------- ----- ------------
.  .ABS.                            00000000    00000000 =           0. bytes (ABS,CON)

         Value  Global                             Global Defined In Module
         -----  --------------------------------   ------------------------
     00000000  .__.ABS.                           strlen
     00000000  l__CABS                         
     00000000  l__DABS                         
     00000000  l__HEADER                       
     00000000  l__HOME                         
     00000000  l__INITFINAL                    
     00000000  s__CABS                         
     00000000  s__DABS                         
     00000000  s__HEADER                       
     00000000  s__HEADER0                      
     00000001  l__GSFINAL                      
     00000002  l__BSS                          
     00000002  l__HEAP                         
     00000013  l__INITIALIZED                  
     00000013  l__INITIALIZER                  
     0000001B  l__HEADER0                      
     00000025  l__GSINIT                       
     0000011C  l__DATA                         
     00000200  s__CODE                         
     00001949  l__CODE                         
     00001B49  s__GSINIT                       
     00001B6E  s__GSFINAL                      
     00001B6F  s__HOME                         
     00001B6F  s__INITIALIZER                  
     00001B82  s__INITFINAL                    
     00001B82  s__INITIALIZED                  
     00001B95  s__DATA                         
     00001CB1  s__BSS                          
     00001CB3  s__HEAP                         

ASxxxx Linker V05.50.4-SDLD,  page 2.
Hexadecimal  [32-Bits]

Area                                    Addr        Size        Decimal Bytes (Attributes)
--------------------------------        ----        ----        ------- ----- ------------
_CODE                               00000200    00001949 =        6473. bytes (REL,CON)

         Value  Global                             Global Defined In Module
         -----  --------------------------------   ------------------------
     00000200  _bdos                              smram
     0000020C  _bdos_c_write                      smram
     00000213  _bdos_c_rawio                      smram
     0000021B  _putchar                           smram
     00000226  _getchar                           smram
     00000230  _fputs                             smram
     0000023F  _to_upper                          smram
     00000248  _enaslt                            smram
     0000025D  _rdslt                             smram
     00000267  _chgcpu                            smram
     00000289  _dos2_open                         smram
     0000029B  _dos2_close                        smram
     000002A4  _dos2_read                         smram
     000002BE  _dos2_getenv                       smram
     000002C6  _hexToNum                          smram
     000002D3  _jump                              smram
     000002D8  _runROM_page1                      smram
     000002F3  _runROM_page0                      smram
     000002F3  _runROM_page1_end                  smram
     00000311  _runROM_page0_end                  smram
     00000311  _runROM_page2                      smram
     0000032C  _runROM_page2_end                  smram
     0000032C  _runROM_page3                      smram
     00000348  _runROM_Reset                      smram
     00000348  _runROM_page3_end                  smram
     00000361  _print_mapper_type                 smram
     00000361  _runROM_Reset_end                  smram
     00000497  _main                              smram
     00000FFE  _vprintf                           vprintf
     0000100A  _printf                            vprintf
     000010E6  __print_format                     printf_large
     00001B3C  ___sdcc_call_hl                    
     00001B3D  _strlen                            strlen
ASxxxx Linker V05.50.4-SDLD,  page 3.
Hexadecimal  [32-Bits]

Area                                    Addr        Size        Decimal Bytes (Attributes)
--------------------------------        ----        ----        ------- ----- ------------
_HEADER0                            00000000    0000001B =          27. bytes (ABS,CON)

         Value  Global                             Global Defined In Module
         -----  --------------------------------   ------------------------
ASxxxx Linker V05.50.4-SDLD,  page 4.
Hexadecimal  [32-Bits]

Area                                    Addr        Size        Decimal Bytes (Attributes)
--------------------------------        ----        ----        ------- ----- ------------
_GSINIT                             00001B49    00000025 =          37. bytes (REL,CON)

         Value  Global                             Global Defined In Module
         -----  --------------------------------   ------------------------
ASxxxx Linker V05.50.4-SDLD,  page 5.
Hexadecimal  [32-Bits]

Area                                    Addr        Size        Decimal Bytes (Attributes)
--------------------------------        ----        ----        ------- ----- ------------
_GSFINAL                            00001B6E    00000001 =           1. bytes (REL,CON)

         Value  Global                             Global Defined In Module
         -----  --------------------------------   ------------------------
ASxxxx Linker V05.50.4-SDLD,  page 6.
Hexadecimal  [32-Bits]

Area                                    Addr        Size        Decimal Bytes (Attributes)
--------------------------------        ----        ----        ------- ----- ------------
_INITIALIZER                        00001B6F    00000013 =          19. bytes (REL,CON)

         Value  Global                             Global Defined In Module
         -----  --------------------------------   ------------------------
ASxxxx Linker V05.50.4-SDLD,  page 7.
Hexadecimal  [32-Bits]

Area                                    Addr        Size        Decimal Bytes (Attributes)
--------------------------------        ----        ----        ------- ----- ------------
_INITIALIZED                        00001B82    00000013 =          19. bytes (REL,CON)

         Value  Global                             Global Defined In Module
         -----  --------------------------------   ------------------------
     00001B82  _found                             smram
     00001B83  _filename                          smram
     00001B85  _megaram_type                      smram
     00001B87  _paramlen                          smram
     00001B88  _presAB                            smram
     00001B89  _softReset                         smram
     00001B8A  _mapperSpecified                   smram
     00001B8B  _headerValid                       smram
     00001B8C  _linearHeaderValid                 smram
     00001B8D  _exitAfterLoad                     smram
     00001B8E  _cpumode                           smram
     00001B8F  _startpage                         smram
     00001B90  _loadpage                          smram
     00001B91  _help                              smram
     00001B92  _scc_vol                           smram
     00001B93  _psg_vol                           smram
     00001B94  _opll_vol                          smram

ASxxxx Linker V05.50.4-SDLD,  page 8.
Hexadecimal  [32-Bits]

Area                                    Addr        Size        Decimal Bytes (Attributes)
--------------------------------        ----        ----        ------- ----- ------------
_DATA                               00001B95    0000011C =         284. bytes (REL,CON)

         Value  Global                             Global Defined In Module
         -----  --------------------------------   ------------------------
     00001B95  _curslt                            smram
     00001B96  _cursslt                           smram
     00001B97  _sslt                              smram
     00001B98  _b                                 smram
     00001B99  _s                                 smram
     00001B9B  _t                                 smram
     00001B9D  _params                            smram
     00001B9F  _handle                            smram
     00001BA0  _bytes_read                        smram
     00001BA2  _i                                 smram
     00001BA4  _addr                              smram
     00001BA6  _page                              smram
     00001BA7  _romsize                           smram
     00001BAB  _slotid                            smram
     00001BAC  _path                              smram
     00001CAC  _romstart                          smram
     00001CAE  _linearRomstart                    smram
     00001CB0  _c                                 smram
ASxxxx Linker V05.50.4-SDLD,  page 9.
Hexadecimal  [32-Bits]

Area                                    Addr        Size        Decimal Bytes (Attributes)
--------------------------------        ----        ----        ------- ----- ------------
_BSS                                00001CB1    00000002 =           2. bytes (REL,CON)

         Value  Global                             Global Defined In Module
         -----  --------------------------------   ------------------------
     00001CB1  __himem                            crt0
     00001CB3  __lomem                            crt0

ASxxxx Linker V05.50.4-SDLD,  page 10.
Hexadecimal  [32-Bits]

Area                                    Addr        Size        Decimal Bytes (Attributes)
--------------------------------        ----        ----        ------- ----- ------------
_HEAP                               00001CB3    00000002 =           2. bytes (REL,CON)

         Value  Global                             Global Defined In Module
         -----  --------------------------------   ------------------------
     00001CB3  __heap_start                       crt0

ASxxxx Linker V05.50.4-SDLD,  page 11.

Files Linked                              [ module(s) ]

crt0.rel                                  [ crt0 ]
smram.rel                                 [ smram ]


Libraries Linked                          [ object file ]

/opt/homebrew/bin/../share/sdcc/lib/z80/z80.lib
                                          [ vprintf.rel ]
/opt/homebrew/bin/../share/sdcc/lib/z80/z80.lib
                                          [ printf_large.rel ]
/opt/homebrew/bin/../share/sdcc/lib/z80/z80.lib
                                          [ __sdcc_call_hl.rel ]
/opt/homebrew/bin/../share/sdcc/lib/z80/z80.lib
                                          [ strlen.rel ]

ASxxxx Linker V05.50.4-SDLD,  page 12.

User Base Address Definitions

_CODE = 0x0200
_DATA = 0x0000

