                                      1 ;--------------------------------------------------------
                                      2 ; File Created by SDCC : free open source ISO C Compiler
                                      3 ; Version 4.6.0 #16555 (Mac OS X ppc)
                                      4 ;--------------------------------------------------------
                                      5 	.module smram
                                      6 	
                                      7 	.optsdcc -mz80 sdcccall(1)
                                      8 ;--------------------------------------------------------
                                      9 ; Public variables in this module
                                     10 ;--------------------------------------------------------
                                     11 	.globl _main
                                     12 	.globl _runROM_Reset_end
                                     13 	.globl _runROM_Reset
                                     14 	.globl _runROM_page2_end
                                     15 	.globl _runROM_page2
                                     16 	.globl _runROM_page1_end
                                     17 	.globl _runROM_page1
                                     18 	.globl _jump
                                     19 	.globl _hexToNum
                                     20 	.globl _dos2_getenv
                                     21 	.globl _dos2_read
                                     22 	.globl _dos2_close
                                     23 	.globl _dos2_open
                                     24 	.globl _chgcpu
                                     25 	.globl _rdslt
                                     26 	.globl _enaslt
                                     27 	.globl _to_upper
                                     28 	.globl _fputs
                                     29 	.globl _bdos_c_rawio
                                     30 	.globl _bdos_c_write
                                     31 	.globl _bdos
                                     32 	.globl _printf
                                     33 	.globl _opll_vol
                                     34 	.globl _psg_vol
                                     35 	.globl _scc_vol
                                     36 	.globl _help
                                     37 	.globl _page2
                                     38 	.globl _cpumode
                                     39 	.globl _softReset
                                     40 	.globl _presAB
                                     41 	.globl _paramlen
                                     42 	.globl _megaram_type
                                     43 	.globl _filename
                                     44 	.globl _found
                                     45 	.globl _c
                                     46 	.globl _romstart
                                     47 	.globl _path
                                     48 	.globl _slotid
                                     49 	.globl _romsize
                                     50 	.globl _page
                                     51 	.globl _addr
                                     52 	.globl _i
                                     53 	.globl _bytes_read
                                     54 	.globl _handle
                                     55 	.globl _params
                                     56 	.globl _t
                                     57 	.globl _s
                                     58 	.globl _b
                                     59 	.globl _sslt
                                     60 	.globl _cursslt
                                     61 	.globl _curslt
                                     62 	.globl _putchar
                                     63 	.globl _getchar
                                     64 ;--------------------------------------------------------
                                     65 ; special function registers
                                     66 ;--------------------------------------------------------
                         0000008E    67 _MEGA_PORT0	=	0x008e
                         0000008F    68 _MEGA_PORT1	=	0x008f
                         000000A8    69 _PPIA	=	0x00a8
                                     70 ;--------------------------------------------------------
                                     71 ; ram data
                                     72 ;--------------------------------------------------------
                                     73 	.area _DATA
    00000000                         74 _curslt::
    00000000                         75 	.ds 1
    00000001                         76 _cursslt::
    00000001                         77 	.ds 1
    00000002                         78 _sslt::
    00000002                         79 	.ds 1
    00000003                         80 _b::
    00000003                         81 	.ds 1
    00000004                         82 _s::
    00000004                         83 	.ds 2
    00000006                         84 _t::
    00000006                         85 	.ds 2
    00000008                         86 _params::
    00000008                         87 	.ds 2
    0000000A                         88 _handle::
    0000000A                         89 	.ds 1
    0000000B                         90 _bytes_read::
    0000000B                         91 	.ds 2
    0000000D                         92 _i::
    0000000D                         93 	.ds 2
    0000000F                         94 _addr::
    0000000F                         95 	.ds 2
    00000011                         96 _page::
    00000011                         97 	.ds 1
    00000012                         98 _romsize::
    00000012                         99 	.ds 4
    00000016                        100 _slotid::
    00000016                        101 	.ds 1
    00000017                        102 _path::
    00000017                        103 	.ds 256
    00000117                        104 _romstart::
    00000117                        105 	.ds 2
    00000119                        106 _c::
    00000119                        107 	.ds 1
                                    108 ;--------------------------------------------------------
                                    109 ; ram data
                                    110 ;--------------------------------------------------------
                                    111 	.area _INITIALIZED
    00000000                        112 _found::
    00000000                        113 	.ds 1
    00000001                        114 _filename::
    00000001                        115 	.ds 2
    00000003                        116 _megaram_type::
    00000003                        117 	.ds 2
    00000005                        118 _paramlen::
    00000005                        119 	.ds 1
    00000006                        120 _presAB::
    00000006                        121 	.ds 1
    00000007                        122 _softReset::
    00000007                        123 	.ds 1
    00000008                        124 _cpumode::
    00000008                        125 	.ds 1
    00000009                        126 _page2::
    00000009                        127 	.ds 1
    0000000A                        128 _help::
    0000000A                        129 	.ds 1
    0000000B                        130 _scc_vol::
    0000000B                        131 	.ds 1
    0000000C                        132 _psg_vol::
    0000000C                        133 	.ds 1
    0000000D                        134 _opll_vol::
    0000000D                        135 	.ds 1
                                    136 ;--------------------------------------------------------
                                    137 ; absolute ram data
                                    138 ;--------------------------------------------------------
                                    139 	.area _DABS (ABS)
                                    140 	.area _DABS (ABS)
                                    141 ;--------------------------------------------------------
                                    142 ; global & static initialisations
                                    143 ;--------------------------------------------------------
                                    144 	.area _HOME
                                    145 	.area _GSINIT
                                    146 	.area _GSFINAL
                                    147 	.area _GSINIT
                                    148 ;--------------------------------------------------------
                                    149 ; Home
                                    150 ;--------------------------------------------------------
                                    151 	.area _HOME
                                    152 	.area _HOME
                                    153 ;--------------------------------------------------------
                                    154 ; code
                                    155 ;--------------------------------------------------------
                                    156 	.area _CODE
                                    157 ;smram.c:42: void bdos() __naked
                                    158 ;	---------------------------------
                                    159 ; Function bdos
                                    160 ; ---------------------------------
    00000000                        161 _bdos::
                                    162 ;smram.c:51: __endasm;
    00000000 DD E5            [15]  163 	push ix
    00000002 FD E5            [15]  164 	push iy
    00000004 CD 05 00         [17]  165 	call 5
    00000007 FD E1            [14]  166 	pop iy
    00000009 DD E1            [14]  167 	pop ix
    0000000B C9               [10]  168 	ret
                                    169 ;smram.c:52: }
                                    170 ;smram.c:54: void bdos_c_write(uchar c) __naked
                                    171 ;	---------------------------------
                                    172 ; Function bdos_c_write
                                    173 ; ---------------------------------
    0000000C                        174 _bdos_c_write::
                                    175 ;smram.c:64: __endasm;
    0000000C 5F               [ 4]  176 	ld e,a
    0000000D 0E 02            [ 7]  177 	ld c,#2
    0000000F CDr00r00         [17]  178 	call _bdos
    00000012 C9               [10]  179 	ret
                                    180 ;smram.c:65: }
                                    181 ;smram.c:67: uchar bdos_c_rawio() __naked
                                    182 ;	---------------------------------
                                    183 ; Function bdos_c_rawio
                                    184 ; ---------------------------------
    00000013                        185 _bdos_c_rawio::
                                    186 ;smram.c:76: __endasm;
    00000013 1E FF            [ 7]  187 	ld e,#0xFF;
    00000015 0E 06            [ 7]  188 	ld c,#6
    00000017 CDr00r00         [17]  189 	call _bdos
    0000001A C9               [10]  190 	ret
                                    191 ;smram.c:77: }
                                    192 ;smram.c:79: int putchar(int c) 
                                    193 ;	---------------------------------
                                    194 ; Function putchar
                                    195 ; ---------------------------------
    0000001B                        196 _putchar::
    0000001B EB               [ 4]  197 	ex	de, hl
                                    198 ;smram.c:81: if (c >= 0)
    0000001C CB 7A            [ 8]  199 	bit	7, d
    0000001E C0               [11]  200 	ret	nz
                                    201 ;smram.c:82: bdos_c_write((char)c);
    0000001F 7B               [ 4]  202 	ld	a, e
    00000020 D5               [11]  203 	push	de
    00000021 CDr0Cr00         [17]  204 	call	_bdos_c_write
    00000024 D1               [10]  205 	pop	de
                                    206 ;smram.c:83: return c;
                                    207 ;smram.c:84: }
    00000025 C9               [10]  208 	ret
                                    209 ;smram.c:86: int getchar()
                                    210 ;	---------------------------------
                                    211 ; Function getchar
                                    212 ; ---------------------------------
    00000026                        213 _getchar::
                                    214 ;smram.c:89: do {
    00000026                        215 00101$:
                                    216 ;smram.c:90: c = bdos_c_rawio();
    00000026 CDr13r00         [17]  217 	call	_bdos_c_rawio
    00000029 5F               [ 4]  218 	ld	e, a
                                    219 ;smram.c:91: } while(c == 0);
    0000002A B7               [ 4]  220 	or	a, a
    0000002B 28 F9            [12]  221 	jr	z, 00101$
                                    222 ;smram.c:92: return (int)c;
    0000002D 16 00            [ 7]  223 	ld	d, #0x00
                                    224 ;smram.c:93: }
    0000002F C9               [10]  225 	ret
                                    226 ;smram.c:95: void fputs(const char *s)
                                    227 ;	---------------------------------
                                    228 ; Function fputs
                                    229 ; ---------------------------------
    00000030                        230 _fputs::
                                    231 ;smram.c:97: while(*s != NULL)
    00000030                        232 00101$:
    00000030 7E               [ 7]  233 	ld	a, (hl)
    00000031 B7               [ 4]  234 	or	a, a
    00000032 C8               [11]  235 	ret	z
                                    236 ;smram.c:98: putchar(*s++);
    00000033 23               [ 6]  237 	inc	hl
    00000034 0E 00            [ 7]  238 	ld	c, #0x00
    00000036 E5               [11]  239 	push	hl
    00000037 6F               [ 4]  240 	ld	l, a
    00000038 61               [ 4]  241 	ld	h, c
    00000039 CDr1Br00         [17]  242 	call	_putchar
    0000003C E1               [10]  243 	pop	hl
                                    244 ;smram.c:99: }
    0000003D 18 F1            [12]  245 	jr	00101$
                                    246 ;smram.c:101: char to_upper(char c)
                                    247 ;	---------------------------------
                                    248 ; Function to_upper
                                    249 ; ---------------------------------
    0000003F                        250 _to_upper::
                                    251 ;smram.c:103: if (c >= 'a' && c <= 'z')
    0000003F FE 61            [ 7]  252 	cp	a, #0x61
    00000041 D8               [11]  253 	ret	c
    00000042 FE 7B            [ 7]  254 	cp	a, #0x7b
    00000044 D0               [11]  255 	ret	nc
                                    256 ;smram.c:104: c = c - ('a'-'A');
    00000045 C6 E0            [ 7]  257 	add	a, #0xe0
                                    258 ;smram.c:105: return c;
                                    259 ;smram.c:106: }
    00000047 C9               [10]  260 	ret
                                    261 ;smram.c:108: void enaslt(uchar slotid, uint addr) __naked
                                    262 ;	---------------------------------
                                    263 ; Function enaslt
                                    264 ; ---------------------------------
    00000048                        265 _enaslt::
                                    266 ;smram.c:130: __endasm;
    00000048 F5               [11]  267 	push af
    00000049 C5               [11]  268 	push bc
    0000004A D5               [11]  269 	push de
    0000004B E5               [11]  270 	push hl
    0000004C DD E5            [15]  271 	push ix
    0000004E FD E5            [15]  272 	push iy
    00000050 EB               [ 4]  273 	ex de,hl
    00000051 CD 24 00         [17]  274 	call #0x0024
    00000054 FD E1            [14]  275 	pop iy
    00000056 DD E1            [14]  276 	pop ix
    00000058 E1               [10]  277 	pop hl
    00000059 D1               [10]  278 	pop de
    0000005A C1               [10]  279 	pop bc
    0000005B F1               [10]  280 	pop af
    0000005C C9               [10]  281 	ret
                                    282 ;smram.c:131: }
                                    283 ;smram.c:133: uchar rdslt(uchar slotid, uint addr) __naked
                                    284 ;	---------------------------------
                                    285 ; Function rdslt
                                    286 ; ---------------------------------
    0000005D                        287 _rdslt::
                                    288 ;smram.c:148: __endasm;
    0000005D C5               [11]  289 	push bc
    0000005E D5               [11]  290 	push de
    0000005F EB               [ 4]  291 	ex de,hl
    00000060 CD 0C 00         [17]  292 	call #0x000C
    00000063 EB               [ 4]  293 	ex de,hl
    00000064 D1               [10]  294 	pop de
    00000065 C1               [10]  295 	pop bc
    00000066 C9               [10]  296 	ret
                                    297 ;smram.c:149: }
                                    298 ;smram.c:151: void chgcpu(uchar mode) __naked
                                    299 ;	---------------------------------
                                    300 ; Function chgcpu
                                    301 ; ---------------------------------
    00000067                        302 _chgcpu::
                                    303 ;smram.c:181: __endasm;
    00000067 C5               [11]  304 	push bc
    00000068 D5               [11]  305 	push de
    00000069 F5               [11]  306 	push af
    0000006A 3A C1 FC         [13]  307 	ld a,(0xFCC1)
    0000006D 21 80 01         [10]  308 	ld hl,#0x0180
    00000070 CD 0C 00         [17]  309 	call #0x000C
    00000073 FE C3            [ 7]  310 	cp #0xC3
    00000075 20 0E            [12]  311 	jr nz,__no_turbo
    00000077 78               [ 4]  312 	ld a,b
    00000078 F1               [10]  313 	pop af
    00000079 FD 2A C0 FC      [20]  314 	ld iy,(0xFCC1 -1)
    0000007D DD 21 80 01      [14]  315 	ld ix,#0x0180
    00000081 CD 1C 00         [17]  316 	call #0x001C
    00000084 F5               [11]  317 	push af
    00000085                        318 __no_turbo:
    00000085 F1               [10]  319 	pop af
    00000086 D1               [10]  320 	pop de
    00000087 C1               [10]  321 	pop bc
    00000088 C9               [10]  322 	ret
                                    323 ;smram.c:182: }
                                    324 ;smram.c:199: FHANDLE dos2_open(uchar mode, const char* filepath) __naked
                                    325 ;	---------------------------------
                                    326 ; Function dos2_open
                                    327 ; ---------------------------------
    00000089                        328 _dos2_open::
                                    329 ;smram.c:217: __endasm;
    00000089 C5               [11]  330 	push bc
    0000008A D5               [11]  331 	push de
    0000008B E5               [11]  332 	push hl
    0000008C 0E 43            [ 7]  333 	ld c,#0x43
    0000008E CD 05 00         [17]  334 	call 5
    00000091 B7               [ 4]  335 	or a
    00000092 28 02            [12]  336 	jr z,__open_no_err
    00000094 06 00            [ 7]  337 	ld b,#0
    00000096                        338 __open_no_err:
    00000096 78               [ 4]  339 	ld a,b
    00000097 E1               [10]  340 	pop hl
    00000098 D1               [10]  341 	pop de
    00000099 C1               [10]  342 	pop bc
    0000009A C9               [10]  343 	ret
                                    344 ;smram.c:218: }
                                    345 ;smram.c:220: void dos2_close(FHANDLE hnd) __naked
                                    346 ;	---------------------------------
                                    347 ; Function dos2_close
                                    348 ; ---------------------------------
    0000009B                        349 _dos2_close::
                                    350 ;smram.c:230: __endasm;
    0000009B C5               [11]  351 	push bc
    0000009C 78               [ 4]  352 	ld a,b
    0000009D 0E 45            [ 7]  353 	ld c,#0x45
    0000009F CD 05 00         [17]  354 	call 5
    000000A2 C1               [10]  355 	pop bc
    000000A3 C9               [10]  356 	ret
                                    357 ;smram.c:231: }
                                    358 ;smram.c:233: uint dos2_read(FHANDLE hnd, void *dst, uint size) __naked
                                    359 ;	---------------------------------
                                    360 ; Function dos2_read
                                    361 ; ---------------------------------
    000000A4                        362 _dos2_read::
                                    363 ;smram.c:253: __endasm;	
    000000A4 DD E5            [15]  364 	push ix
    000000A6 DD 21 00 00      [14]  365 	ld ix,#0
    000000AA DD 39            [15]  366 	add ix,sp
    000000AC C5               [11]  367 	push bc
    000000AD 47               [ 4]  368 	ld b,a
    000000AE DD 6E 04         [19]  369 	ld l, 4 (ix)
    000000B1 DD 66 05         [19]  370 	ld h, 5 (ix)
    000000B4 0E 48            [ 7]  371 	ld c,#0x48
    000000B6 CD 05 00         [17]  372 	call 5
    000000B9 C1               [10]  373 	pop bc
    000000BA DD E1            [14]  374 	pop ix
    000000BC EB               [ 4]  375 	ex de,hl
    000000BD C9               [10]  376 	ret
                                    377 ;smram.c:254: }
                                    378 ;smram.c:256: uchar dos2_getenv(char *var, char *buf) __naked
                                    379 ;	---------------------------------
                                    380 ; Function dos2_getenv
                                    381 ; ---------------------------------
    000000BE                        382 _dos2_getenv::
                                    383 ;smram.c:264: __endasm;	
    000000BE 06 FF            [ 7]  384 	ld b,#255
    000000C0 0E 6B            [ 7]  385 	ld c,#0x6B
    000000C2 CD 05 00         [17]  386 	call 5
    000000C5 C9               [10]  387 	ret
                                    388 ;smram.c:265: }
                                    389 ;smram.c:267: char hexToNum(char h)
                                    390 ;	---------------------------------
                                    391 ; Function hexToNum
                                    392 ; ---------------------------------
    000000C6                        393 _hexToNum::
                                    394 ;smram.c:271: if (h >= '0' && h <='9')
    000000C6 FE 30            [ 7]  395 	cp	a, #0x30
    000000C8 38 07            [12]  396 	jr	c, 00102$
    000000CA FE 3A            [ 7]  397 	cp	a, #0x3a
    000000CC 30 03            [12]  398 	jr	nc, 00102$
                                    399 ;smram.c:272: return h-'0';    
    000000CE C6 D0            [ 7]  400 	add	a, #0xd0
    000000D0 C9               [10]  401 	ret
    000000D1                        402 00102$:
                                    403 ;smram.c:273: return 0;
    000000D1 AF               [ 4]  404 	xor	a, a
                                    405 ;smram.c:274: }
    000000D2 C9               [10]  406 	ret
                                    407 ;smram.c:276: void jump(uint addr) __naked
                                    408 ;	---------------------------------
                                    409 ; Function jump
                                    410 ; ---------------------------------
    000000D3                        411 _jump::
                                    412 ;smram.c:284: __endasm;
    000000D3 ED 7B 06 00      [20]  413 	ld sp,(0x0006)
    000000D7 E9               [ 4]  414 	jp (hl)
                                    415 ;smram.c:285: }
                                    416 ;smram.c:287: void runROM_page1() __naked
                                    417 ;	---------------------------------
                                    418 ; Function runROM_page1
                                    419 ; ---------------------------------
    000000D8                        420 _runROM_page1::
                                    421 ;smram.c:303: __endasm;
    000000D8 F3               [ 4]  422 	di
    000000D9 31 FF CF         [10]  423 	ld sp,#0xCFFF
    000000DC 21 9A FD         [10]  424 	ld hl,#0xFD9A
    000000DF 3E C9            [ 7]  425 	ld a,#0xC9
    000000E1 77               [ 7]  426 	ld (hl),a
    000000E2 21 9F FD         [10]  427 	ld hl,#0xFD9F
    000000E5 77               [ 7]  428 	ld (hl),a
    000000E6 3A C1 FC         [13]  429 	ld a,(0xFCC1)
    000000E9 21 00 00         [10]  430 	ld hl,#0
    000000EC CD 24 00         [17]  431 	call #0x0024
    000000EF 2A 02 40         [16]  432 	ld hl,(0x4002)
    000000F2 E9               [ 4]  433 	jp (hl)
                                    434 ;smram.c:304: }
                                    435 ;smram.c:305: void runROM_page1_end() __naked {}
                                    436 ;	---------------------------------
                                    437 ; Function runROM_page1_end
                                    438 ; ---------------------------------
    000000F3                        439 _runROM_page1_end::
                                    440 ;smram.c:307: void runROM_page2() __naked
                                    441 ;	---------------------------------
                                    442 ; Function runROM_page2
                                    443 ; ---------------------------------
    000000F3                        444 _runROM_page2::
                                    445 ;smram.c:323: __endasm;
    000000F3 F3               [ 4]  446 	di
    000000F4 31 FF CF         [10]  447 	ld sp,#0xCFFF
    000000F7 21 9A FD         [10]  448 	ld hl,#0xFD9A
    000000FA 3E C9            [ 7]  449 	ld a,#0xC9
    000000FC 77               [ 7]  450 	ld (hl),a
    000000FD 21 9F FD         [10]  451 	ld hl,#0xFD9F
    00000100 77               [ 7]  452 	ld (hl),a
    00000101 3A C1 FC         [13]  453 	ld a,(0xFCC1)
    00000104 21 00 00         [10]  454 	ld hl,#0
    00000107 CD 24 00         [17]  455 	call #0x0024
    0000010A 2A 02 80         [16]  456 	ld hl,(0x8002)
    0000010D E9               [ 4]  457 	jp (hl)
                                    458 ;smram.c:324: }
                                    459 ;smram.c:325: void runROM_page2_end() __naked {}
                                    460 ;	---------------------------------
                                    461 ; Function runROM_page2_end
                                    462 ; ---------------------------------
    0000010E                        463 _runROM_page2_end::
                                    464 ;smram.c:327: void runROM_Reset() __naked
                                    465 ;	---------------------------------
                                    466 ; Function runROM_Reset
                                    467 ; ---------------------------------
    0000010E                        468 _runROM_Reset::
                                    469 ;smram.c:344: __endasm;
    0000010E F3               [ 4]  470 	di
    0000010F 31 FF CF         [10]  471 	ld sp,#0xCFFF
    00000112 21 9A FD         [10]  472 	ld hl,#0xFD9A
    00000115 3E C9            [ 7]  473 	ld a,#0xC9
    00000117 77               [ 7]  474 	ld (hl),a
    00000118 21 9F FD         [10]  475 	ld hl,#0xFD9F
    0000011B 77               [ 7]  476 	ld (hl),a
    0000011C 3A C1 FC         [13]  477 	ld a,(0xFCC1)
    0000011F 21 00 00         [10]  478 	ld hl,#0
    00000122 CD 24 00         [17]  479 	call #0x0024
    00000125 C3 00 00         [10]  480 	jp 0x0000
                                    481 ;smram.c:345: }
                                    482 ;smram.c:347: void runROM_Reset_end() __naked {}
                                    483 ;	---------------------------------
                                    484 ; Function runROM_Reset_end
                                    485 ; ---------------------------------
    00000128                        486 _runROM_Reset_end::
                                    487 ;smram.c:376: int main(void)
                                    488 ;	---------------------------------
                                    489 ; Function main
                                    490 ; ---------------------------------
    00000128                        491 _main::
                                    492 ;smram.c:378: curslt = (PPIA & 0x0C) >> 2;
    00000128 DB A8            [11]  493 	in	a, (_PPIA)
    0000012A E6 0C            [ 7]  494 	and	a, #0x0c
    0000012C 2E 00            [ 7]  495 	ld	l, #0x00
    0000012E CB 2D            [ 8]  496 	sra	l
    00000130 CB 1F            [ 8]  497 	rr	a
    00000132 CB 2D            [ 8]  498 	sra	l
    00000134 CB 1F            [ 8]  499 	rr	a
    00000136 32r00r00         [13]  500 	ld	(_curslt), a
                                    501 ;smram.c:379: cursslt = (~(*((uchar*)0xFFFF)) & 0x0C) | *((uchar*)EXPTBL+curslt);
    00000139 3A FF FF         [13]  502 	ld	a, (#0xffff)
    0000013C 2F               [ 4]  503 	cpl
    0000013D E6 0C            [ 7]  504 	and	a, #0x0c
    0000013F 4F               [ 4]  505 	ld	c, a
    00000140 3Ar00r00         [13]  506 	ld	a, (_curslt)
    00000143 6F               [ 4]  507 	ld	l, a
    00000144 26 00            [ 7]  508 	ld	h, #0x00
    00000146 11 C1 FC         [10]  509 	ld	de, #0xfcc1
    00000149 19               [11]  510 	add	hl, de
    0000014A 7E               [ 7]  511 	ld	a, (hl)
    0000014B B1               [ 4]  512 	or	a, c
    0000014C 32r01r00         [13]  513 	ld	(#_cursslt), a
                                    514 ;smram.c:381: for(i = 1; i < 4; i++)
    0000014F 21 01 00         [10]  515 	ld	hl, #0x0001
    00000152 22r0Dr00         [16]  516 	ld	(_i), hl
    00000155                        517 00238$:
                                    518 ;smram.c:383: slotid = *((uchar*)EXPTBL+i);
    00000155 2Ar0Dr00         [16]  519 	ld	hl, (_i)
    00000158 11 C1 FC         [10]  520 	ld	de, #0xfcc1
    0000015B 19               [11]  521 	add	hl, de
    0000015C 7E               [ 7]  522 	ld	a, (hl)
    0000015D 32r16r00         [13]  523 	ld	(#_slotid), a
                                    524 ;smram.c:385: if (slotid & 0x80) {    // expanded ?
    00000160 3Ar16r00         [13]  525 	ld	a, (_slotid)
    00000163 07               [ 4]  526 	rlca
    00000164 30 74            [12]  527 	jr	nc, 00239$
                                    528 ;smram.c:387: enaslt(i | 0x80, 0x4000); // looking for BIOS, sslot 0
    00000166 3Ar0Dr00         [13]  529 	ld	a, (_i)
    00000169 CB FF            [ 8]  530 	set	7, a
    0000016B 11 00 40         [10]  531 	ld	de, #0x4000
    0000016E CDr48r00         [17]  532 	call	_enaslt
                                    533 ;smram.c:389: b = *(uchar*)(0x6000); // it might be RAM
    00000171 3A 00 60         [13]  534 	ld	a, (#0x6000)
    00000174 32r03r00         [13]  535 	ld	(#_b), a
                                    536 ;smram.c:390: *((uchar*)0x6000) = 7;
    00000177 21 00 60         [10]  537 	ld	hl, #0x6000
    0000017A 36 07            [10]  538 	ld	(hl), #0x07
                                    539 ;smram.c:391: s = "WonderTANG! uSD Driver";
    0000017C 21r11r07         [10]  540 	ld	hl, #___str_0
    0000017F 22r04r00         [16]  541 	ld	(_s), hl
                                    542 ;smram.c:392: t = (uchar*)0x4110;
    00000182 21 10 41         [10]  543 	ld	hl, #0x4110
    00000185 22r06r00         [16]  544 	ld	(_t), hl
                                    545 ;smram.c:393: for(int j=0; j<22; j++)
    00000188 01 00 00         [10]  546 	ld	bc, #0x0000
    0000018B                        547 00236$:
    0000018B 79               [ 4]  548 	ld	a, c
    0000018C D6 16            [ 7]  549 	sub	a, #0x16
    0000018E 78               [ 4]  550 	ld	a, b
    0000018F 17               [ 4]  551 	rla
    00000190 3F               [ 4]  552 	ccf
    00000191 1F               [ 4]  553 	rra
    00000192 DE 80            [ 7]  554 	sbc	a, #0x80
    00000194 30 2A            [12]  555 	jr	nc, 00105$
                                    556 ;smram.c:395: if (*s++ != *t++) break;
    00000196 2Ar04r00         [16]  557 	ld	hl, (_s)
    00000199 5E               [ 7]  558 	ld	e, (hl)
    0000019A 2Ar04r00         [16]  559 	ld	hl, (_s)
    0000019D 23               [ 6]  560 	inc	hl
    0000019E 22r04r00         [16]  561 	ld	(_s), hl
    000001A1 2Ar06r00         [16]  562 	ld	hl, (_t)
    000001A4 56               [ 7]  563 	ld	d, (hl)
    000001A5 2Ar06r00         [16]  564 	ld	hl, (_t)
    000001A8 23               [ 6]  565 	inc	hl
    000001A9 22r06r00         [16]  566 	ld	(_t), hl
    000001AC 7B               [ 4]  567 	ld	a, e
    000001AD 92               [ 4]  568 	sub	a, d
    000001AE 20 10            [12]  569 	jr	nz, 00105$
                                    570 ;smram.c:397: if (j == 21) 
    000001B0 79               [ 4]  571 	ld	a, c
    000001B1 D6 15            [ 7]  572 	sub	a, #0x15
    000001B3 B0               [ 4]  573 	or	a, b
    000001B4 20 07            [12]  574 	jr	nz, 00237$
                                    575 ;smram.c:399: found = TRUE;
    000001B6 21r00r00         [10]  576 	ld	hl, #_found
    000001B9 36 01            [10]  577 	ld	(hl), #0x01
                                    578 ;smram.c:400: break;
    000001BB 18 03            [12]  579 	jr	00105$
    000001BD                        580 00237$:
                                    581 ;smram.c:393: for(int j=0; j<22; j++)
    000001BD 03               [ 6]  582 	inc	bc
    000001BE 18 CB            [12]  583 	jr	00236$
    000001C0                        584 00105$:
                                    585 ;smram.c:404: *((uchar*)0x6000) = b; // return whatever was there
    000001C0 21 00 60         [10]  586 	ld	hl, #0x6000
    000001C3 3Ar03r00         [13]  587 	ld	a, (_b)
    000001C6 77               [ 7]  588 	ld	(hl), a
                                    589 ;smram.c:406: enaslt(curslt | cursslt, 0x4000);
    000001C7 3Ar00r00         [13]  590 	ld	a, (_curslt)
    000001CA 21r01r00         [10]  591 	ld	hl, #_cursslt
    000001CD B6               [ 7]  592 	or	a, (hl)
    000001CE 11 00 40         [10]  593 	ld	de, #0x4000
    000001D1 CDr48r00         [17]  594 	call	_enaslt
                                    595 ;smram.c:408: if (found) break;
    000001D4 3Ar00r00         [13]  596 	ld	a, (_found+0)
    000001D7 B7               [ 4]  597 	or	a, a
    000001D8 20 17            [12]  598 	jr	nz, 00110$
    000001DA                        599 00239$:
                                    600 ;smram.c:381: for(i = 1; i < 4; i++)
    000001DA 2Ar0Dr00         [16]  601 	ld	hl, (_i)
    000001DD 23               [ 6]  602 	inc	hl
    000001DE 22r0Dr00         [16]  603 	ld	(_i), hl
    000001E1 3Ar0Dr00         [13]  604 	ld	a, (_i+0)
    000001E4 D6 04            [ 7]  605 	sub	a, #0x04
    000001E6 3Ar0Er00         [13]  606 	ld	a, (_i+1)
    000001E9 17               [ 4]  607 	rla
    000001EA 3F               [ 4]  608 	ccf
    000001EB 1F               [ 4]  609 	rra
    000001EC DE 80            [ 7]  610 	sbc	a, #0x80
    000001EE DAr55r01         [10]  611 	jp	c, 00238$
    000001F1                        612 00110$:
                                    613 ;smram.c:412: sslt = 0;
    000001F1 AF               [ 4]  614 	xor	a, a
    000001F2 32r02r00         [13]  615 	ld	(#_sslt), a
                                    616 ;smram.c:414: if (found)
    000001F5 3Ar00r00         [13]  617 	ld	a, (_found+0)
    000001F8 B7               [ 4]  618 	or	a, a
    000001F9 CArDDr03         [10]  619 	jp	z, 00183$
                                    620 ;smram.c:416: printf("WonderTANG! Super MegaRAM SCC\n\r");
    000001FC 21r28r07         [10]  621 	ld	hl, #___str_1
    000001FF E5               [11]  622 	push	hl
    00000200 CDr00r00         [17]  623 	call	_printf
                                    624 ;smram.c:417: printf("v3.00 (new-juice)\n\r");
    00000203 21r48r07         [10]  625 	ld	hl, #___str_2
    00000206 E3               [19]  626 	ex	(sp),hl
    00000207 CDr00r00         [17]  627 	call	_printf
    0000020A F1               [10]  628 	pop	af
                                    629 ;smram.c:419: sslt = 0x80 | (2 << 2) | i;
    0000020B 3Ar0Dr00         [13]  630 	ld	a, (_i)
    0000020E F6 88            [ 7]  631 	or	a, #0x88
    00000210 32r02r00         [13]  632 	ld	(#_sslt), a
                                    633 ;smram.c:420: paramlen = *((char*)0x80);
    00000213 3A 80 00         [13]  634 	ld	a, (#0x0080)
    00000216 32r05r00         [13]  635 	ld	(#_paramlen), a
                                    636 ;smram.c:421: for(params = (char*)0x81; *params != 0 || paramlen == 0; ++params, paramlen--)
    00000219 21 81 00         [10]  637 	ld	hl, #0x0081
    0000021C 22r08r00         [16]  638 	ld	(_params), hl
    0000021F                        639 00242$:
    0000021F ED 4Br08r00      [20]  640 	ld	bc, (_params)
    00000223 0A               [ 7]  641 	ld	a, (bc)
    00000224 5F               [ 4]  642 	ld	e, a
    00000225 B7               [ 4]  643 	or	a, a
    00000226 20 07            [12]  644 	jr	nz, 00241$
    00000228 3Ar05r00         [13]  645 	ld	a, (_paramlen+0)
    0000022B B7               [ 4]  646 	or	a, a
    0000022C C2rE3r03         [10]  647 	jp	nz, 00184$
    0000022F                        648 00241$:
                                    649 ;smram.c:423: if (*params != ' ')
                                    650 ;smram.c:425: if (*params == '/')
    0000022F 7B               [ 4]  651 	ld	a, e
    00000230 FE 20            [ 7]  652 	cp	a, #0x20
    00000232 CArCFr03         [10]  653 	jp	z, 00243$
    00000235 D6 2F            [ 7]  654 	sub	a, #0x2f
    00000237 C2rB1r03         [10]  655 	jp	nz, 00177$
                                    656 ;smram.c:427: params++;
    0000023A 2Ar08r00         [16]  657 	ld	hl, (_params)
    0000023D 23               [ 6]  658 	inc	hl
    0000023E 22r08r00         [16]  659 	ld	(_params), hl
                                    660 ;smram.c:421: for(params = (char*)0x81; *params != 0 || paramlen == 0; ++params, paramlen--)
    00000241 2Ar08r00         [16]  661 	ld	hl, (_params)
    00000244 4E               [ 7]  662 	ld	c, (hl)
                                    663 ;smram.c:428: if (to_upper(*params) == 'R') 
    00000245 C5               [11]  664 	push	bc
    00000246 79               [ 4]  665 	ld	a, c
    00000247 CDr3Fr00         [17]  666 	call	_to_upper
    0000024A C1               [10]  667 	pop	bc
                                    668 ;smram.c:427: params++;
    0000024B 2Ar08r00         [16]  669 	ld	hl, (_params)
    0000024E 23               [ 6]  670 	inc	hl
                                    671 ;smram.c:428: if (to_upper(*params) == 'R') 
    0000024F FE 52            [ 7]  672 	cp	a, #0x52
    00000251 20 51            [12]  673 	jr	nz, 00170$
                                    674 ;smram.c:430: params++;
    00000253 22r08r00         [16]  675 	ld	(_params), hl
                                    676 ;smram.c:421: for(params = (char*)0x81; *params != 0 || paramlen == 0; ++params, paramlen--)
    00000256 2Ar08r00         [16]  677 	ld	hl, (_params)
    00000259 7E               [ 7]  678 	ld	a, (hl)
                                    679 ;smram.c:431: if (*params == '0')
    0000025A FE 30            [ 7]  680 	cp	a, #0x30
    0000025C 20 09            [12]  681 	jr	nz, 00124$
                                    682 ;smram.c:432: megaram_type = TYPE_MSCC;
    0000025E 21 00 00         [10]  683 	ld	hl, #0x0000
    00000261 22r03r00         [16]  684 	ld	(_megaram_type), hl
    00000264 C3rCFr03         [10]  685 	jp	00243$
    00000267                        686 00124$:
                                    687 ;smram.c:434: if (*params == '6')
    00000267 FE 36            [ 7]  688 	cp	a, #0x36
    00000269 20 09            [12]  689 	jr	nz, 00121$
                                    690 ;smram.c:435: megaram_type = TYPE_K4;
    0000026B 21 04 00         [10]  691 	ld	hl, #0x0004
    0000026E 22r03r00         [16]  692 	ld	(_megaram_type), hl
    00000271 C3rCFr03         [10]  693 	jp	00243$
    00000274                        694 00121$:
                                    695 ;smram.c:437: if (*params == '5')
    00000274 FE 35            [ 7]  696 	cp	a, #0x35
    00000276 20 09            [12]  697 	jr	nz, 00118$
                                    698 ;smram.c:438: megaram_type = TYPE_K5;
    00000278 21 05 00         [10]  699 	ld	hl, #0x0005
    0000027B 22r03r00         [16]  700 	ld	(_megaram_type), hl
    0000027E C3rCFr03         [10]  701 	jp	00243$
    00000281                        702 00118$:
                                    703 ;smram.c:440: if (*params == '1')
    00000281 FE 31            [ 7]  704 	cp	a, #0x31
    00000283 20 09            [12]  705 	jr	nz, 00115$
                                    706 ;smram.c:441: megaram_type = TYPE_A16;
    00000285 21 16 00         [10]  707 	ld	hl, #0x0016
    00000288 22r03r00         [16]  708 	ld	(_megaram_type), hl
    0000028B C3rCFr03         [10]  709 	jp	00243$
    0000028E                        710 00115$:
                                    711 ;smram.c:443: if (*params == '3')
    0000028E FE 33            [ 7]  712 	cp	a, #0x33
    00000290 20 09            [12]  713 	jr	nz, 00112$
                                    714 ;smram.c:444: megaram_type = TYPE_A8;
    00000292 21 08 00         [10]  715 	ld	hl, #0x0008
    00000295 22r03r00         [16]  716 	ld	(_megaram_type), hl
    00000298 C3rCFr03         [10]  717 	jp	00243$
    0000029B                        718 00112$:
                                    719 ;smram.c:446: megaram_type = TYPE_UNK;                    
    0000029B 21 FF 00         [10]  720 	ld	hl, #0x00ff
    0000029E 22r03r00         [16]  721 	ld	(_megaram_type), hl
    000002A1 C3rCFr03         [10]  722 	jp	00243$
    000002A4                        723 00170$:
                                    724 ;smram.c:448: else if (to_upper(*params) == 'K')
    000002A4 E5               [11]  725 	push	hl
    000002A5 C5               [11]  726 	push	bc
    000002A6 79               [ 4]  727 	ld	a, c
    000002A7 CDr3Fr00         [17]  728 	call	_to_upper
    000002AA C1               [10]  729 	pop	bc
    000002AB E1               [10]  730 	pop	hl
    000002AC FE 4B            [ 7]  731 	cp	a, #0x4b
    000002AE 20 2A            [12]  732 	jr	nz, 00167$
                                    733 ;smram.c:450: params++;
    000002B0 22r08r00         [16]  734 	ld	(_params), hl
                                    735 ;smram.c:421: for(params = (char*)0x81; *params != 0 || paramlen == 0; ++params, paramlen--)
    000002B3 2Ar08r00         [16]  736 	ld	hl, (_params)
    000002B6 7E               [ 7]  737 	ld	a, (hl)
                                    738 ;smram.c:451: if (*params == '5')
    000002B7 FE 35            [ 7]  739 	cp	a, #0x35
    000002B9 20 09            [12]  740 	jr	nz, 00130$
                                    741 ;smram.c:452: megaram_type = TYPE_K5;
    000002BB 21 05 00         [10]  742 	ld	hl, #0x0005
    000002BE 22r03r00         [16]  743 	ld	(_megaram_type), hl
    000002C1 C3rCFr03         [10]  744 	jp	00243$
    000002C4                        745 00130$:
                                    746 ;smram.c:454: if (*params == '4')
    000002C4 FE 34            [ 7]  747 	cp	a, #0x34
    000002C6 20 09            [12]  748 	jr	nz, 00127$
                                    749 ;smram.c:455: megaram_type = TYPE_K4;
    000002C8 21 04 00         [10]  750 	ld	hl, #0x0004
    000002CB 22r03r00         [16]  751 	ld	(_megaram_type), hl
    000002CE C3rCFr03         [10]  752 	jp	00243$
    000002D1                        753 00127$:
                                    754 ;smram.c:457: megaram_type = TYPE_UNK;
    000002D1 21 FF 00         [10]  755 	ld	hl, #0x00ff
    000002D4 22r03r00         [16]  756 	ld	(_megaram_type), hl
    000002D7 C3rCFr03         [10]  757 	jp	00243$
    000002DA                        758 00167$:
                                    759 ;smram.c:459: else if (to_upper(*params) == 'D')
    000002DA E5               [11]  760 	push	hl
    000002DB C5               [11]  761 	push	bc
    000002DC 79               [ 4]  762 	ld	a, c
    000002DD CDr3Fr00         [17]  763 	call	_to_upper
    000002E0 C1               [10]  764 	pop	bc
    000002E1 E1               [10]  765 	pop	hl
    000002E2 FE 44            [ 7]  766 	cp	a, #0x44
    000002E4 20 09            [12]  767 	jr	nz, 00164$
                                    768 ;smram.c:461: megaram_type = TYPE_DDX;
    000002E6 21 01 00         [10]  769 	ld	hl, #0x0001
    000002E9 22r03r00         [16]  770 	ld	(_megaram_type), hl
    000002EC C3rCFr03         [10]  771 	jp	00243$
    000002EF                        772 00164$:
                                    773 ;smram.c:463: else if (to_upper(*params) == 'S')
    000002EF E5               [11]  774 	push	hl
    000002F0 C5               [11]  775 	push	bc
    000002F1 79               [ 4]  776 	ld	a, c
    000002F2 CDr3Fr00         [17]  777 	call	_to_upper
    000002F5 C1               [10]  778 	pop	bc
    000002F6 E1               [10]  779 	pop	hl
    000002F7 FE 53            [ 7]  780 	cp	a, #0x53
    000002F9 20 0D            [12]  781 	jr	nz, 00161$
                                    782 ;smram.c:465: softReset = TRUE;
    000002FB 21r07r00         [10]  783 	ld	hl, #_softReset
    000002FE 36 01            [10]  784 	ld	(hl), #0x01
                                    785 ;smram.c:466: presAB = TRUE;
    00000300 21r06r00         [10]  786 	ld	hl, #_presAB
    00000303 36 01            [10]  787 	ld	(hl), #0x01
    00000305 C3rCFr03         [10]  788 	jp	00243$
    00000308                        789 00161$:
                                    790 ;smram.c:468: else if (to_upper(*params) == 'A')
    00000308 E5               [11]  791 	push	hl
    00000309 C5               [11]  792 	push	bc
    0000030A 79               [ 4]  793 	ld	a, c
    0000030B CDr3Fr00         [17]  794 	call	_to_upper
    0000030E C1               [10]  795 	pop	bc
    0000030F E1               [10]  796 	pop	hl
    00000310 FE 41            [ 7]  797 	cp	a, #0x41
    00000312 20 41            [12]  798 	jr	nz, 00158$
                                    799 ;smram.c:470: params++;
    00000314 22r08r00         [16]  800 	ld	(_params), hl
                                    801 ;smram.c:421: for(params = (char*)0x81; *params != 0 || paramlen == 0; ++params, paramlen--)
    00000317 2Ar08r00         [16]  802 	ld	hl, (_params)
    0000031A 7E               [ 7]  803 	ld	a, (hl)
                                    804 ;smram.c:471: if (*params == '8')
    0000031B FE 38            [ 7]  805 	cp	a, #0x38
    0000031D 20 09            [12]  806 	jr	nz, 00139$
                                    807 ;smram.c:472: megaram_type = TYPE_A8;
    0000031F 21 08 00         [10]  808 	ld	hl, #0x0008
    00000322 22r03r00         [16]  809 	ld	(_megaram_type), hl
    00000325 C3rCFr03         [10]  810 	jp	00243$
    00000328                        811 00139$:
                                    812 ;smram.c:474: if (*params == '1')
    00000328 FE 31            [ 7]  813 	cp	a, #0x31
    0000032A 20 21            [12]  814 	jr	nz, 00136$
                                    815 ;smram.c:476: params++;
    0000032C 2Ar08r00         [16]  816 	ld	hl, (_params)
    0000032F 23               [ 6]  817 	inc	hl
    00000330 22r08r00         [16]  818 	ld	(_params), hl
                                    819 ;smram.c:477: if (*params == '6')
    00000333 2Ar08r00         [16]  820 	ld	hl, (_params)
    00000336 7E               [ 7]  821 	ld	a, (hl)
    00000337 FE 36            [ 7]  822 	cp	a, #0x36
    00000339 20 09            [12]  823 	jr	nz, 00133$
                                    824 ;smram.c:478: megaram_type = TYPE_A16;
    0000033B 21 16 00         [10]  825 	ld	hl, #0x0016
    0000033E 22r03r00         [16]  826 	ld	(_megaram_type), hl
    00000341 C3rCFr03         [10]  827 	jp	00243$
    00000344                        828 00133$:
                                    829 ;smram.c:480: megaram_type = TYPE_UNK;
    00000344 21 FF 00         [10]  830 	ld	hl, #0x00ff
    00000347 22r03r00         [16]  831 	ld	(_megaram_type), hl
    0000034A C3rCFr03         [10]  832 	jp	00243$
    0000034D                        833 00136$:
                                    834 ;smram.c:483: megaram_type = TYPE_UNK;
    0000034D 21 FF 00         [10]  835 	ld	hl, #0x00ff
    00000350 22r03r00         [16]  836 	ld	(_megaram_type), hl
    00000353 18 7A            [12]  837 	jr	00243$
    00000355                        838 00158$:
                                    839 ;smram.c:485: else if (to_upper(*params) == 'Y')
    00000355 E5               [11]  840 	push	hl
    00000356 C5               [11]  841 	push	bc
    00000357 79               [ 4]  842 	ld	a, c
    00000358 CDr3Fr00         [17]  843 	call	_to_upper
    0000035B C1               [10]  844 	pop	bc
    0000035C E1               [10]  845 	pop	hl
    0000035D FE 59            [ 7]  846 	cp	a, #0x59
    0000035F 20 07            [12]  847 	jr	nz, 00155$
                                    848 ;smram.c:487: presAB = TRUE;
    00000361 21r06r00         [10]  849 	ld	hl, #_presAB
    00000364 36 01            [10]  850 	ld	(hl), #0x01
    00000366 18 67            [12]  851 	jr	00243$
    00000368                        852 00155$:
                                    853 ;smram.c:517: else if (to_upper(*params) == 'Z')
    00000368 E5               [11]  854 	push	hl
    00000369 C5               [11]  855 	push	bc
    0000036A 79               [ 4]  856 	ld	a, c
    0000036B CDr3Fr00         [17]  857 	call	_to_upper
    0000036E C1               [10]  858 	pop	bc
    0000036F E1               [10]  859 	pop	hl
    00000370 FE 5A            [ 7]  860 	cp	a, #0x5a
    00000372 20 16            [12]  861 	jr	nz, 00152$
                                    862 ;smram.c:519: params++;
    00000374 22r08r00         [16]  863 	ld	(_params), hl
                                    864 ;smram.c:421: for(params = (char*)0x81; *params != 0 || paramlen == 0; ++params, paramlen--)
    00000377 2Ar08r00         [16]  865 	ld	hl, (_params)
    0000037A 7E               [ 7]  866 	ld	a, (hl)
                                    867 ;smram.c:520: if (*params >= '0' && *params <= '3')
    0000037B FE 30            [ 7]  868 	cp	a, #0x30
    0000037D 38 50            [12]  869 	jr	c, 00243$
    0000037F FE 34            [ 7]  870 	cp	a, #0x34
    00000381 30 4C            [12]  871 	jr	nc, 00243$
                                    872 ;smram.c:521: cpumode = *params - '0';
    00000383 C6 D0            [ 7]  873 	add	a, #0xd0
    00000385 32r08r00         [13]  874 	ld	(#_cpumode), a
    00000388 18 45            [12]  875 	jr	00243$
    0000038A                        876 00152$:
                                    877 ;smram.c:523: else if (to_upper(*params) == '?')
    0000038A C5               [11]  878 	push	bc
    0000038B 79               [ 4]  879 	ld	a, c
    0000038C CDr3Fr00         [17]  880 	call	_to_upper
    0000038F C1               [10]  881 	pop	bc
    00000390 FE 3F            [ 7]  882 	cp	a, #0x3f
    00000392 20 07            [12]  883 	jr	nz, 00145$
                                    884 ;smram.c:525: help = TRUE;
    00000394 21r0Ar00         [10]  885 	ld	hl, #_help
    00000397 36 01            [10]  886 	ld	(hl), #0x01
    00000399 18 34            [12]  887 	jr	00243$
                                    888 ;smram.c:530: while(*params++ != 0 && *params != ' ');
    0000039B                        889 00145$:
    0000039B 2Ar08r00         [16]  890 	ld	hl, (_params)
    0000039E 23               [ 6]  891 	inc	hl
    0000039F 22r08r00         [16]  892 	ld	(_params), hl
    000003A2 79               [ 4]  893 	ld	a, c
    000003A3 B7               [ 4]  894 	or	a, a
    000003A4 28 29            [12]  895 	jr	z, 00243$
                                    896 ;smram.c:421: for(params = (char*)0x81; *params != 0 || paramlen == 0; ++params, paramlen--)
    000003A6 2Ar08r00         [16]  897 	ld	hl, (_params)
    000003A9 4E               [ 7]  898 	ld	c, (hl)
                                    899 ;smram.c:530: while(*params++ != 0 && *params != ' ');
    000003AA 79               [ 4]  900 	ld	a, c
    000003AB D6 20            [ 7]  901 	sub	a, #0x20
    000003AD 28 20            [12]  902 	jr	z, 00243$
    000003AF 18 EA            [12]  903 	jr	00145$
    000003B1                        904 00177$:
                                    905 ;smram.c:535: filename = params;
    000003B1 ED 43r01r00      [20]  906 	ld	(_filename), bc
                                    907 ;smram.c:536: while(*params != 0 && *params != ' ') {
    000003B5                        908 00173$:
                                    909 ;smram.c:421: for(params = (char*)0x81; *params != 0 || paramlen == 0; ++params, paramlen--)
    000003B5 2Ar08r00         [16]  910 	ld	hl, (_params)
    000003B8 7E               [ 7]  911 	ld	a, (hl)
                                    912 ;smram.c:536: while(*params != 0 && *params != ' ') {
    000003B9 B7               [ 4]  913 	or	a, a
    000003BA 28 27            [12]  914 	jr	z, 00184$
    000003BC FE 20            [ 7]  915 	cp	a, #0x20
    000003BE 28 23            [12]  916 	jr	z, 00184$
                                    917 ;smram.c:537: *params = to_upper(*params);
    000003C0 E5               [11]  918 	push	hl
    000003C1 CDr3Fr00         [17]  919 	call	_to_upper
    000003C4 E1               [10]  920 	pop	hl
    000003C5 77               [ 7]  921 	ld	(hl), a
                                    922 ;smram.c:538: params++;
    000003C6 2Ar08r00         [16]  923 	ld	hl, (_params)
    000003C9 23               [ 6]  924 	inc	hl
    000003CA 22r08r00         [16]  925 	ld	(_params), hl
    000003CD 18 E6            [12]  926 	jr	00173$
                                    927 ;smram.c:541: break;
    000003CF                        928 00243$:
                                    929 ;smram.c:421: for(params = (char*)0x81; *params != 0 || paramlen == 0; ++params, paramlen--)
    000003CF 2Ar08r00         [16]  930 	ld	hl, (_params)
    000003D2 23               [ 6]  931 	inc	hl
    000003D3 22r08r00         [16]  932 	ld	(_params), hl
    000003D6 21r05r00         [10]  933 	ld	hl, #_paramlen
    000003D9 35               [11]  934 	dec	(hl)
    000003DA C3r1Fr02         [10]  935 	jp	00242$
    000003DD                        936 00183$:
                                    937 ;smram.c:546: } else megaram_type = TYPE_UNK;
    000003DD 21 FF 00         [10]  938 	ld	hl, #0x00ff
    000003E0 22r03r00         [16]  939 	ld	(_megaram_type), hl
    000003E3                        940 00184$:
                                    941 ;smram.c:548: if (!found) 
    000003E3 3Ar00r00         [13]  942 	ld	a, (_found+0)
    000003E6 B7               [ 4]  943 	or	a, a
    000003E7 20 0C            [12]  944 	jr	nz, 00189$
                                    945 ;smram.c:550: printf("ERROR: WonderTANG! not found...\n\r");
    000003E9 21r5Cr07         [10]  946 	ld	hl, #___str_3
    000003EC E5               [11]  947 	push	hl
    000003ED CDr00r00         [17]  948 	call	_printf
    000003F0 F1               [10]  949 	pop	af
                                    950 ;smram.c:551: return 0;
    000003F1 11 00 00         [10]  951 	ld	de, #0x0000
    000003F4 C9               [10]  952 	ret
    000003F5                        953 00189$:
                                    954 ;smram.c:554: if (help == TRUE || megaram_type == TYPE_UNK)
    000003F5 3Ar0Ar00         [13]  955 	ld	a, (_help)
    000003F8 3D               [ 4]  956 	dec	a
    000003F9 28 0A            [12]  957 	jr	z, 00185$
    000003FB 3Ar03r00         [13]  958 	ld	a, (_megaram_type)
    000003FE 3C               [ 4]  959 	inc	a
    000003FF 21r04r00         [10]  960 	ld	hl, #_megaram_type + 1
    00000402 B6               [ 7]  961 	or	a, (hl)
    00000403 20 0C            [12]  962 	jr	nz, 00190$
    00000405                        963 00185$:
                                    964 ;smram.c:576: );
    00000405 21r7Er07         [10]  965 	ld	hl, #___str_4
    00000408 E5               [11]  966 	push	hl
    00000409 CDr00r00         [17]  967 	call	_printf
    0000040C F1               [10]  968 	pop	af
                                    969 ;smram.c:577: return 0;
    0000040D 11 00 00         [10]  970 	ld	de, #0x0000
    00000410 C9               [10]  971 	ret
    00000411                        972 00190$:
                                    973 ;smram.c:580: printf("\r\nMapper Type: ");
    00000411 01rDDr08         [10]  974 	ld	bc, #___str_5
    00000414 C5               [11]  975 	push	bc
    00000415 CDr00r00         [17]  976 	call	_printf
    00000418 F1               [10]  977 	pop	af
                                    978 ;smram.c:581: switch(megaram_type)
    00000419 3Ar04r00         [13]  979 	ld	a, (_megaram_type+1)
    0000041C FD 21r03r00      [14]  980 	ld	iy, #_megaram_type
    00000420 FD B6 00         [19]  981 	or	a, 0 (iy)
    00000423 28 33            [12]  982 	jr	z, 00191$
    00000425 3Ar03r00         [13]  983 	ld	a, (_megaram_type+0)
    00000428 3D               [ 4]  984 	dec	a
    00000429 FD B6 01         [19]  985 	or	a, 1 (iy)
    0000042C 28 5C            [12]  986 	jr	z, 00196$
    0000042E 3Ar03r00         [13]  987 	ld	a, (_megaram_type+0)
    00000431 D6 04            [ 7]  988 	sub	a, #0x04
    00000433 FD B6 01         [19]  989 	or	a, 1 (iy)
    00000436 28 2A            [12]  990 	jr	z, 00192$
    00000438 3Ar03r00         [13]  991 	ld	a, (_megaram_type+0)
    0000043B D6 05            [ 7]  992 	sub	a, #0x05
    0000043D FD B6 01         [19]  993 	or	a, 1 (iy)
    00000440 28 2A            [12]  994 	jr	z, 00193$
    00000442 3Ar03r00         [13]  995 	ld	a, (_megaram_type+0)
    00000445 D6 08            [ 7]  996 	sub	a, #0x08
    00000447 FD B6 01         [19]  997 	or	a, 1 (iy)
    0000044A 28 34            [12]  998 	jr	z, 00195$
    0000044C 3Ar03r00         [13]  999 	ld	a, (_megaram_type+0)
    0000044F D6 16            [ 7] 1000 	sub	a, #0x16
    00000451 FD B6 01         [19] 1001 	or	a, 1 (iy)
    00000454 28 20            [12] 1002 	jr	z, 00194$
    00000456 18 3A            [12] 1003 	jr	00197$
                                   1004 ;smram.c:583: case TYPE_MSCC:
    00000458                       1005 00191$:
                                   1006 ;smram.c:584: printf("MegaRAM SCC (default)\n\r");
    00000458 21rEDr08         [10] 1007 	ld	hl, #___str_6
    0000045B E5               [11] 1008 	push	hl
    0000045C CDr00r00         [17] 1009 	call	_printf
    0000045F F1               [10] 1010 	pop	af
                                   1011 ;smram.c:585: break;
    00000460 18 30            [12] 1012 	jr	00197$
                                   1013 ;smram.c:586: case TYPE_K4:
    00000462                       1014 00192$:
                                   1015 ;smram.c:587: printf("Konami (/R6 or /K4)\n\r");
    00000462 21r05r09         [10] 1016 	ld	hl, #___str_7
    00000465 E5               [11] 1017 	push	hl
    00000466 CDr00r00         [17] 1018 	call	_printf
    00000469 F1               [10] 1019 	pop	af
                                   1020 ;smram.c:588: break;
    0000046A 18 26            [12] 1021 	jr	00197$
                                   1022 ;smram.c:589: case TYPE_K5:
    0000046C                       1023 00193$:
                                   1024 ;smram.c:590: printf("Konami SCC (/R5 or /K5)\n\r");
    0000046C 01r1Br09         [10] 1025 	ld	bc, #___str_8+0
    0000046F C5               [11] 1026 	push	bc
    00000470 CDr00r00         [17] 1027 	call	_printf
    00000473 F1               [10] 1028 	pop	af
                                   1029 ;smram.c:591: break;
    00000474 18 1C            [12] 1030 	jr	00197$
                                   1031 ;smram.c:592: case TYPE_A16:
    00000476                       1032 00194$:
                                   1033 ;smram.c:593: printf("ASCII16 (/R1 or /A16)\n\r");
    00000476 21r35r09         [10] 1034 	ld	hl, #___str_9
    00000479 E5               [11] 1035 	push	hl
    0000047A CDr00r00         [17] 1036 	call	_printf
    0000047D F1               [10] 1037 	pop	af
                                   1038 ;smram.c:594: break;
    0000047E 18 12            [12] 1039 	jr	00197$
                                   1040 ;smram.c:595: case TYPE_A8:
    00000480                       1041 00195$:
                                   1042 ;smram.c:596: printf("ASCII8 (/R3 or /A8)\n\r");
    00000480 21r4Dr09         [10] 1043 	ld	hl, #___str_10
    00000483 E5               [11] 1044 	push	hl
    00000484 CDr00r00         [17] 1045 	call	_printf
    00000487 F1               [10] 1046 	pop	af
                                   1047 ;smram.c:597: break;
    00000488 18 08            [12] 1048 	jr	00197$
                                   1049 ;smram.c:598: case TYPE_DDX:
    0000048A                       1050 00196$:
                                   1051 ;smram.c:599: printf("MegaRAM DDX (/D)\n\r");
    0000048A 21r63r09         [10] 1052 	ld	hl, #___str_11
    0000048D E5               [11] 1053 	push	hl
    0000048E CDr00r00         [17] 1054 	call	_printf
    00000491 F1               [10] 1055 	pop	af
                                   1056 ;smram.c:601: }
    00000492                       1057 00197$:
                                   1058 ;smram.c:607: if (filename == 0) {        
    00000492 3Ar02r00         [13] 1059 	ld	a, (_filename+1)
    00000495 21r01r00         [10] 1060 	ld	hl, #_filename
    00000498 B6               [ 7] 1061 	or	a, (hl)
    00000499 20 13            [12] 1062 	jr	nz, 00201$
                                   1063 ;smram.c:608: if (megaram_type != TYPE_UNK)
    0000049B 3Ar03r00         [13] 1064 	ld	a, (_megaram_type)
    0000049E 3C               [ 4] 1065 	inc	a
    0000049F 21r04r00         [10] 1066 	ld	hl, #_megaram_type + 1
    000004A2 B6               [ 7] 1067 	or	a, (hl)
    000004A3 28 05            [12] 1068 	jr	z, 00199$
                                   1069 ;smram.c:609: MEGA_PORT1 = megaram_type;    
    000004A5 3Ar03r00         [13] 1070 	ld	a, (_megaram_type+0)
    000004A8 D3 8F            [11] 1071 	out	(_MEGA_PORT1), a
    000004AA                       1072 00199$:
                                   1073 ;smram.c:610: return 0;
    000004AA 11 00 00         [10] 1074 	ld	de, #0x0000
    000004AD C9               [10] 1075 	ret
    000004AE                       1076 00201$:
                                   1077 ;smram.c:613: for(t = filename; *t != ' ' && *t != 0; t++);
    000004AE 2Ar01r00         [16] 1078 	ld	hl, (_filename)
    000004B1 22r06r00         [16] 1079 	ld	(_t), hl
    000004B4                       1080 00246$:
                                   1081 ;smram.c:395: if (*s++ != *t++) break;
    000004B4 2Ar06r00         [16] 1082 	ld	hl, (_t)
                                   1083 ;smram.c:613: for(t = filename; *t != ' ' && *t != 0; t++);
    000004B7 7E               [ 7] 1084 	ld	a, (hl)
    000004B8 FE 20            [ 7] 1085 	cp	a, #0x20
    000004BA 28 0C            [12] 1086 	jr	z, 00202$
    000004BC B7               [ 4] 1087 	or	a, a
    000004BD 28 09            [12] 1088 	jr	z, 00202$
    000004BF 2Ar06r00         [16] 1089 	ld	hl, (_t)
    000004C2 23               [ 6] 1090 	inc	hl
    000004C3 22r06r00         [16] 1091 	ld	(_t), hl
    000004C6 18 EC            [12] 1092 	jr	00246$
    000004C8                       1093 00202$:
                                   1094 ;smram.c:614: *t = 0;
    000004C8 36 00            [10] 1095 	ld	(hl), #0x00
                                   1096 ;smram.c:615: handle = dos2_open(0, filename);
    000004CA ED 5Br01r00      [20] 1097 	ld	de, (_filename)
    000004CE AF               [ 4] 1098 	xor	a, a
    000004CF CDr89r00         [17] 1099 	call	_dos2_open
    000004D2 32r0Ar00         [13] 1100 	ld	(#_handle), a
                                   1101 ;smram.c:617: MEGA_PORT1 = TYPE_K4;
    000004D5 3E 04            [ 7] 1102 	ld	a, #0x04
    000004D7 D3 8F            [11] 1103 	out	(_MEGA_PORT1), a
                                   1104 ;smram.c:619: if (handle)
    000004D9 3Ar0Ar00         [13] 1105 	ld	a, (_handle+0)
    000004DC B7               [ 4] 1106 	or	a, a
    000004DD CArC3r05         [10] 1107 	jp	z, 00212$
                                   1108 ;smram.c:621: printf("Loading ROM file: %s - ", filename);
    000004E0 2Ar01r00         [16] 1109 	ld	hl, (_filename)
    000004E3 E5               [11] 1110 	push	hl
    000004E4 21r76r09         [10] 1111 	ld	hl, #___str_12
    000004E7 E5               [11] 1112 	push	hl
    000004E8 CDr00r00         [17] 1113 	call	_printf
    000004EB F1               [10] 1114 	pop	af
    000004EC F1               [10] 1115 	pop	af
                                   1116 ;smram.c:623: enaslt(sslt, 0x4000);
    000004ED 11 00 40         [10] 1117 	ld	de, #0x4000
    000004F0 3Ar02r00         [13] 1118 	ld	a, (_sslt)
    000004F3 CDr48r00         [17] 1119 	call	_enaslt
                                   1120 ;smram.c:624: page = 0;
                                   1121 ;smram.c:625: romsize = 0;
    000004F6 AF               [ 4] 1122 	xor	a, a
    000004F7 32r11r00         [13] 1123 	ld	(#_page), a
    000004FA 32r12r00         [13] 1124 	ld	(_romsize+0), a
    000004FD 32r13r00         [13] 1125 	ld	(_romsize+1), a
    00000500 32r14r00         [13] 1126 	ld	(_romsize+2), a
    00000503 32r15r00         [13] 1127 	ld	(_romsize+3), a
                                   1128 ;smram.c:626: printf("%04dKB", 0);
    00000506 21 00 00         [10] 1129 	ld	hl, #0x0000
    00000509 E5               [11] 1130 	push	hl
    0000050A 21r8Er09         [10] 1131 	ld	hl, #___str_13
    0000050D E5               [11] 1132 	push	hl
    0000050E CDr00r00         [17] 1133 	call	_printf
    00000511 F1               [10] 1134 	pop	af
    00000512 F1               [10] 1135 	pop	af
                                   1136 ;smram.c:628: do {
    00000513                       1137 00208$:
                                   1138 ;smram.c:630: MEGA_PORT0 = 0; // enable paging
    00000513 AF               [ 4] 1139 	xor	a, a
    00000514 D3 8E            [11] 1140 	out	(_MEGA_PORT0), a
                                   1141 ;smram.c:631: *((uchar *)0x4000) = page;
    00000516 21 00 40         [10] 1142 	ld	hl, #0x4000
    00000519 3Ar11r00         [13] 1143 	ld	a, (_page)
    0000051C 77               [ 7] 1144 	ld	(hl), a
                                   1145 ;smram.c:632: b = MEGA_PORT0; (b); // enable ram
    0000051D DB 8E            [11] 1146 	in	a, (_MEGA_PORT0)
    0000051F 32r03r00         [13] 1147 	ld	(#_b), a
                                   1148 ;smram.c:633: bytes_read = dos2_read(handle, (void*)0x8000, 0x2000);
    00000522 21 00 20         [10] 1149 	ld	hl, #0x2000
    00000525 E5               [11] 1150 	push	hl
    00000526 11 00 80         [10] 1151 	ld	de, #0x8000
    00000529 3Ar0Ar00         [13] 1152 	ld	a, (_handle)
    0000052C CDrA4r00         [17] 1153 	call	_dos2_read
    0000052F ED 53r0Br00      [20] 1154 	ld	(_bytes_read), de
                                   1155 ;smram.c:634: if (presAB == FALSE && romsize == 0) 
    00000533 3Ar06r00         [13] 1156 	ld	a, (_presAB+0)
    00000536 B7               [ 4] 1157 	or	a, a
    00000537 20 17            [12] 1158 	jr	nz, 00204$
    00000539 3Ar15r00         [13] 1159 	ld	a, (_romsize+3)
    0000053C FD 21r12r00      [14] 1160 	ld	iy, #_romsize
    00000540 FD B6 02         [19] 1161 	or	a, 2 (iy)
    00000543 FD B6 01         [19] 1162 	or	a, 1 (iy)
    00000546 FD B6 00         [19] 1163 	or	a, 0 (iy)
    00000549 20 05            [12] 1164 	jr	nz, 00204$
                                   1165 ;smram.c:635: *((uchar*)(0x8000)) = 0;
    0000054B 21 00 80         [10] 1166 	ld	hl, #0x8000
    0000054E 36 00            [10] 1167 	ld	(hl), #0x00
    00000550                       1168 00204$:
                                   1169 ;smram.c:636: romsize += bytes_read;
    00000550 ED 4Br0Br00      [20] 1170 	ld	bc, (_bytes_read)
    00000554 11 00 00         [10] 1171 	ld	de, #0x0000
    00000557 79               [ 4] 1172 	ld	a, c
    00000558 21r12r00         [10] 1173 	ld	hl, #_romsize
    0000055B 86               [ 7] 1174 	add	a, (hl)
    0000055C 77               [ 7] 1175 	ld	(hl), a
    0000055D 23               [ 6] 1176 	inc	hl
    0000055E 78               [ 4] 1177 	ld	a, b
    0000055F 8E               [ 7] 1178 	adc	a, (hl)
    00000560 77               [ 7] 1179 	ld	(hl), a
    00000561 23               [ 6] 1180 	inc	hl
    00000562 7B               [ 4] 1181 	ld	a, e
    00000563 8E               [ 7] 1182 	adc	a, (hl)
    00000564 77               [ 7] 1183 	ld	(hl), a
    00000565 23               [ 6] 1184 	inc	hl
    00000566 7A               [ 4] 1185 	ld	a, d
    00000567 8E               [ 7] 1186 	adc	a, (hl)
    00000568 77               [ 7] 1187 	ld	(hl), a
                                   1188 ;smram.c:637: memcpy((void*)0x4000, (void*)0x8000, bytes_read);
    00000569 11 00 40         [10] 1189 	ld	de, #0x4000
    0000056C 21 00 80         [10] 1190 	ld	hl, #0x8000
    0000056F ED 4Br0Br00      [20] 1191 	ld	bc, (_bytes_read)
    00000573 78               [ 4] 1192 	ld	a, b
    00000574 B1               [ 4] 1193 	or	a, c
    00000575 28 02            [12] 1194 	jr	z, 00943$
    00000577 ED B0            [21] 1195 	ldir
    00000579                       1196 00943$:
                                   1197 ;smram.c:638: if (page == 0)
    00000579 3Ar11r00         [13] 1198 	ld	a, (_page+0)
    0000057C B7               [ 4] 1199 	or	a, a
    0000057D 20 0C            [12] 1200 	jr	nz, 00207$
                                   1201 ;smram.c:639: romstart = *((uint*)0x8002);
    0000057F 21 02 80         [10] 1202 	ld	hl, #0x8002
    00000582 7E               [ 7] 1203 	ld	a, (hl)
    00000583 23               [ 6] 1204 	inc	hl
    00000584 32r17r01         [13] 1205 	ld	(_romstart+0), a
    00000587 7E               [ 7] 1206 	ld	a, (hl)
    00000588 32r18r01         [13] 1207 	ld	(_romstart+1), a
    0000058B                       1208 00207$:
                                   1209 ;smram.c:640: MEGA_PORT0 = 0; // enable paging
    0000058B AF               [ 4] 1210 	xor	a, a
    0000058C D3 8E            [11] 1211 	out	(_MEGA_PORT0), a
                                   1212 ;smram.c:641: printf("\b\b\b\b\b\b%04dKB", (uint)(romsize >> 10));
    0000058E 2Ar13r00         [16] 1213 	ld	hl, (_romsize + 1)
    00000591 3Ar15r00         [13] 1214 	ld	a, (_romsize+3)
    00000594 06 02            [ 7] 1215 	ld	b, #0x02
    00000596                       1216 00944$:
    00000596 CB 3F            [ 8] 1217 	srl	a
    00000598 CB 1C            [ 8] 1218 	rr	h
    0000059A CB 1D            [ 8] 1219 	rr	l
    0000059C 10 F8            [13] 1220 	djnz	00944$
    0000059E E5               [11] 1221 	push	hl
    0000059F 21r95r09         [10] 1222 	ld	hl, #___str_14
    000005A2 E5               [11] 1223 	push	hl
    000005A3 CDr00r00         [17] 1224 	call	_printf
    000005A6 F1               [10] 1225 	pop	af
    000005A7 F1               [10] 1226 	pop	af
                                   1227 ;smram.c:642: page++;
    000005A8 21r11r00         [10] 1228 	ld	hl, #_page
    000005AB 34               [11] 1229 	inc	(hl)
                                   1230 ;smram.c:644: } while (bytes_read > 0);
    000005AC 3Ar0Cr00         [13] 1231 	ld	a, (_bytes_read+1)
    000005AF 21r0Br00         [10] 1232 	ld	hl, #_bytes_read
    000005B2 B6               [ 7] 1233 	or	a, (hl)
    000005B3 C2r13r05         [10] 1234 	jp	nz, 00208$
                                   1235 ;smram.c:646: *((uchar *)0x4000) = 0;
    000005B6 21 00 40         [10] 1236 	ld	hl, #0x4000
    000005B9 36 00            [10] 1237 	ld	(hl), #0x00
                                   1238 ;smram.c:648: dos2_close(handle);
    000005BB 3Ar0Ar00         [13] 1239 	ld	a, (_handle)
    000005BE CDr9Br00         [17] 1240 	call	_dos2_close
    000005C1 18 11            [12] 1241 	jr	00213$
    000005C3                       1242 00212$:
                                   1243 ;smram.c:652: printf("ERROR: Failed loading %s\n\r", filename);
    000005C3 2Ar01r00         [16] 1244 	ld	hl, (_filename)
    000005C6 E5               [11] 1245 	push	hl
    000005C7 21rA2r09         [10] 1246 	ld	hl, #___str_15
    000005CA E5               [11] 1247 	push	hl
    000005CB CDr00r00         [17] 1248 	call	_printf
    000005CE F1               [10] 1249 	pop	af
    000005CF F1               [10] 1250 	pop	af
                                   1251 ;smram.c:653: return 0;
    000005D0 11 00 00         [10] 1252 	ld	de, #0x0000
    000005D3 C9               [10] 1253 	ret
    000005D4                       1254 00213$:
                                   1255 ;smram.c:655: *t = ' '; // restore space
    000005D4 2Ar06r00         [16] 1256 	ld	hl, (_t)
    000005D7 36 20            [10] 1257 	ld	(hl), #0x20
                                   1258 ;smram.c:657: MEGA_PORT1 = megaram_type;
    000005D9 3Ar03r00         [13] 1259 	ld	a, (_megaram_type+0)
    000005DC D3 8F            [11] 1260 	out	(_MEGA_PORT1), a
                                   1261 ;smram.c:659: enaslt(sslt, 0x4000);
    000005DE 11 00 40         [10] 1262 	ld	de, #0x4000
    000005E1 3Ar02r00         [13] 1263 	ld	a, (_sslt)
    000005E4 CDr48r00         [17] 1264 	call	_enaslt
                                   1265 ;smram.c:661: if (romstart > 0x7fff)
    000005E7 3E FF            [ 7] 1266 	ld	a, #0xff
    000005E9 FD 21r17r01      [14] 1267 	ld	iy, #_romstart
    000005ED FD BE 00         [19] 1268 	cp	a, 0 (iy)
    000005F0 3E 7F            [ 7] 1269 	ld	a, #0x7f
    000005F2 FD 9E 01         [19] 1270 	sbc	a, 1 (iy)
    000005F5 30 0E            [12] 1271 	jr	nc, 00215$
                                   1272 ;smram.c:663: enaslt(sslt, 0x8000);
    000005F7 11 00 80         [10] 1273 	ld	de, #0x8000
    000005FA 3Ar02r00         [13] 1274 	ld	a, (_sslt)
    000005FD CDr48r00         [17] 1275 	call	_enaslt
                                   1276 ;smram.c:664: page2 = TRUE;
    00000600 21r09r00         [10] 1277 	ld	hl, #_page2
    00000603 36 01            [10] 1278 	ld	(hl), #0x01
    00000605                       1279 00215$:
                                   1280 ;smram.c:666: printf("\n\r\n\rStart address: 0x%04x (page %d)\n\r", romstart, page2 == TRUE ? 2 : 1);
    00000605 3Ar09r00         [13] 1281 	ld	a, (_page2)
    00000608 3D               [ 4] 1282 	dec	a
    00000609 20 05            [12] 1283 	jr	nz, 00250$
    0000060B 01 02 00         [10] 1284 	ld	bc, #0x0002
    0000060E 18 03            [12] 1285 	jr	00251$
    00000610                       1286 00250$:
    00000610 01 01 00         [10] 1287 	ld	bc, #0x0001
    00000613                       1288 00251$:
    00000613 C5               [11] 1289 	push	bc
    00000614 2Ar17r01         [16] 1290 	ld	hl, (_romstart)
    00000617 E5               [11] 1291 	push	hl
    00000618 21rBDr09         [10] 1292 	ld	hl, #___str_16
    0000061B E5               [11] 1293 	push	hl
    0000061C CDr00r00         [17] 1294 	call	_printf
    0000061F F1               [10] 1295 	pop	af
    00000620 F1               [10] 1296 	pop	af
    00000621 F1               [10] 1297 	pop	af
                                   1298 ;smram.c:668: switch(megaram_type)
    00000622 3Ar03r00         [13] 1299 	ld	a, (_megaram_type)
    00000625 D6 04            [ 7] 1300 	sub	a, #0x04
    00000627 FD 21r03r00      [14] 1301 	ld	iy, #_megaram_type
    0000062B FD B6 01         [19] 1302 	or	a, 1 (iy)
    0000062E 28 20            [12] 1303 	jr	z, 00217$
    00000630 3Ar03r00         [13] 1304 	ld	a, (_megaram_type+0)
    00000633 D6 05            [ 7] 1305 	sub	a, #0x05
    00000635 FD B6 01         [19] 1306 	or	a, 1 (iy)
    00000638 28 16            [12] 1307 	jr	z, 00217$
    0000063A 3Ar03r00         [13] 1308 	ld	a, (_megaram_type+0)
    0000063D D6 08            [ 7] 1309 	sub	a, #0x08
    0000063F FD B6 01         [19] 1310 	or	a, 1 (iy)
    00000642 28 36            [12] 1311 	jr	z, 00223$
    00000644 3Ar03r00         [13] 1312 	ld	a, (_megaram_type+0)
    00000647 D6 16            [ 7] 1313 	sub	a, #0x16
    00000649 FD B6 01         [19] 1314 	or	a, 1 (iy)
    0000064C 28 1B            [12] 1315 	jr	z, 00220$
    0000064E 18 41            [12] 1316 	jr	00227$
                                   1317 ;smram.c:671: case TYPE_K5:
    00000650                       1318 00217$:
                                   1319 ;smram.c:672: *((uchar *)0x4000) = 0;
    00000650 21 00 40         [10] 1320 	ld	hl, #0x4000
    00000653 36 00            [10] 1321 	ld	(hl), #0x00
                                   1322 ;smram.c:673: *((uchar *)0x6000) = 1;
    00000655 26 60            [ 7] 1323 	ld	h, #0x60
    00000657 36 01            [10] 1324 	ld	(hl), #0x01
                                   1325 ;smram.c:674: if (page2)
    00000659 3Ar09r00         [13] 1326 	ld	a, (_page2+0)
    0000065C B7               [ 4] 1327 	or	a, a
    0000065D 28 32            [12] 1328 	jr	z, 00227$
                                   1329 ;smram.c:676: *((uchar *)0x8000) = 0;
    0000065F 26 80            [ 7] 1330 	ld	h, #0x80
    00000661 36 00            [10] 1331 	ld	(hl), #0x00
                                   1332 ;smram.c:677: *((uchar *)0xA000) = 1;
    00000663 26 A0            [ 7] 1333 	ld	h, #0xa0
    00000665 36 01            [10] 1334 	ld	(hl), #0x01
                                   1335 ;smram.c:679: break;
    00000667 18 28            [12] 1336 	jr	00227$
                                   1337 ;smram.c:680: case TYPE_A16:
    00000669                       1338 00220$:
                                   1339 ;smram.c:681: *((uchar *)0x6000) = 0;
    00000669 21 00 60         [10] 1340 	ld	hl, #0x6000
    0000066C 36 00            [10] 1341 	ld	(hl), #0x00
                                   1342 ;smram.c:682: if (page2)
    0000066E 3Ar09r00         [13] 1343 	ld	a, (_page2+0)
    00000671 B7               [ 4] 1344 	or	a, a
    00000672 28 1D            [12] 1345 	jr	z, 00227$
                                   1346 ;smram.c:683: *((uchar *)0x8000) = 0;
    00000674 26 80            [ 7] 1347 	ld	h, #0x80
    00000676 36 00            [10] 1348 	ld	(hl), #0x00
                                   1349 ;smram.c:684: break;
    00000678 18 17            [12] 1350 	jr	00227$
                                   1351 ;smram.c:685: case TYPE_A8:
    0000067A                       1352 00223$:
                                   1353 ;smram.c:686: *((uchar *)0x6000) = 0;
    0000067A 21 00 60         [10] 1354 	ld	hl, #0x6000
    0000067D 36 00            [10] 1355 	ld	(hl), #0x00
                                   1356 ;smram.c:687: *((uchar *)0x6800) = 1;
    0000067F 26 68            [ 7] 1357 	ld	h, #0x68
    00000681 36 01            [10] 1358 	ld	(hl), #0x01
                                   1359 ;smram.c:688: if (page2)
    00000683 3Ar09r00         [13] 1360 	ld	a, (_page2+0)
    00000686 B7               [ 4] 1361 	or	a, a
    00000687 28 08            [12] 1362 	jr	z, 00227$
                                   1363 ;smram.c:690: *((uchar *)0x7000) = 0;
    00000689 26 70            [ 7] 1364 	ld	h, #0x70
    0000068B 36 00            [10] 1365 	ld	(hl), #0x00
                                   1366 ;smram.c:691: *((uchar *)0x7800) = 1;
    0000068D 26 78            [ 7] 1367 	ld	h, #0x78
    0000068F 36 01            [10] 1368 	ld	(hl), #0x01
                                   1369 ;smram.c:696: }
    00000691                       1370 00227$:
                                   1371 ;smram.c:698: if (cpumode != 0)
    00000691 3Ar08r00         [13] 1372 	ld	a, (_cpumode+0)
    00000694 B7               [ 4] 1373 	or	a, a
    00000695 28 14            [12] 1374 	jr	z, 00229$
                                   1375 ;smram.c:699: chgcpu(cpumode == 1 ? Z80_ROM : cpumode == 2 ? R800_ROM : R800_DRAM);
    00000697 3Ar08r00         [13] 1376 	ld	a, (_cpumode)
    0000069A 3D               [ 4] 1377 	dec	a
    0000069B 28 0B            [12] 1378 	jr	z, 00253$
    0000069D 3Ar08r00         [13] 1379 	ld	a, (_cpumode)
    000006A0 D6 02            [ 7] 1380 	sub	a, #0x02
    000006A2 3E 81            [ 7] 1381 	ld	a, #0x81
    000006A4 28 02            [12] 1382 	jr	z, 00255$
    000006A6 3E 82            [ 7] 1383 	ld	a, #0x82
    000006A8                       1384 00255$:
    000006A8                       1385 00253$:
    000006A8 CDr67r00         [17] 1386 	call	_chgcpu
    000006AB                       1387 00229$:
                                   1388 ;smram.c:701: if (softReset == FALSE)
    000006AB 3Ar07r00         [13] 1389 	ld	a, (_softReset+0)
    000006AE B7               [ 4] 1390 	or	a, a
    000006AF 20 3E            [12] 1391 	jr	nz, 00234$
                                   1392 ;smram.c:703: if (page2 == TRUE)
    000006B1 3Ar09r00         [13] 1393 	ld	a, (_page2)
    000006B4 3D               [ 4] 1394 	dec	a
    000006B5 20 1A            [12] 1395 	jr	nz, 00231$
                                   1396 ;smram.c:704: memcpy((void*)0xC000, &runROM_page2, ((uint)&runROM_page2_end - (uint)&runROM_page2));
    000006B7 21rF3r00         [10] 1397 	ld	hl, #_runROM_page2
    000006BA 01r0Er01         [10] 1398 	ld	bc, #_runROM_page2_end
    000006BD 11rF3r00         [10] 1399 	ld	de, #_runROM_page2
    000006C0 79               [ 4] 1400 	ld	a, c
    000006C1 93               [ 4] 1401 	sub	a, e
    000006C2 4F               [ 4] 1402 	ld	c, a
    000006C3 78               [ 4] 1403 	ld	a, b
    000006C4 9A               [ 4] 1404 	sbc	a, d
    000006C5 47               [ 4] 1405 	ld	b, a
    000006C6 11 00 C0         [10] 1406 	ld	de, #0xc000
    000006C9 78               [ 4] 1407 	ld	a, b
    000006CA B1               [ 4] 1408 	or	a, c
    000006CB 28 1C            [12] 1409 	jr	z, 00232$
    000006CD ED B0            [21] 1410 	ldir
    000006CF 18 18            [12] 1411 	jr	00232$
    000006D1                       1412 00231$:
                                   1413 ;smram.c:706: memcpy((void*)0xC000, &runROM_page1, ((uint)&runROM_page1_end - (uint)&runROM_page1));
    000006D1 21rD8r00         [10] 1414 	ld	hl, #_runROM_page1
    000006D4 01rF3r00         [10] 1415 	ld	bc, #_runROM_page1_end
    000006D7 11rD8r00         [10] 1416 	ld	de, #_runROM_page1
    000006DA 79               [ 4] 1417 	ld	a, c
    000006DB 93               [ 4] 1418 	sub	a, e
    000006DC 4F               [ 4] 1419 	ld	c, a
    000006DD 78               [ 4] 1420 	ld	a, b
    000006DE 9A               [ 4] 1421 	sbc	a, d
    000006DF 47               [ 4] 1422 	ld	b, a
    000006E0 11 00 C0         [10] 1423 	ld	de, #0xc000
    000006E3 78               [ 4] 1424 	ld	a, b
    000006E4 B1               [ 4] 1425 	or	a, c
    000006E5 28 02            [12] 1426 	jr	z, 00959$
    000006E7 ED B0            [21] 1427 	ldir
    000006E9                       1428 00959$:
    000006E9                       1429 00232$:
                                   1430 ;smram.c:708: jump(0xC000);
    000006E9 21 00 C0         [10] 1431 	ld	hl, #0xc000
    000006EC CDrD3r00         [17] 1432 	call	_jump
    000006EF                       1433 00234$:
                                   1434 ;smram.c:711: memcpy((void*)0xC000, &runROM_Reset, ((uint)&runROM_Reset_end - (uint)&runROM_Reset));
    000006EF 21r0Er01         [10] 1435 	ld	hl, #_runROM_Reset
    000006F2 01r28r01         [10] 1436 	ld	bc, #_runROM_Reset_end
    000006F5 11r0Er01         [10] 1437 	ld	de, #_runROM_Reset
    000006F8 79               [ 4] 1438 	ld	a, c
    000006F9 93               [ 4] 1439 	sub	a, e
    000006FA 4F               [ 4] 1440 	ld	c, a
    000006FB 78               [ 4] 1441 	ld	a, b
    000006FC 9A               [ 4] 1442 	sbc	a, d
    000006FD 47               [ 4] 1443 	ld	b, a
    000006FE 11 00 C0         [10] 1444 	ld	de, #0xc000
    00000701 78               [ 4] 1445 	ld	a, b
    00000702 B1               [ 4] 1446 	or	a, c
    00000703 28 02            [12] 1447 	jr	z, 00960$
    00000705 ED B0            [21] 1448 	ldir
    00000707                       1449 00960$:
                                   1450 ;smram.c:712: jump(0xC000);
    00000707 21 00 C0         [10] 1451 	ld	hl, #0xc000
    0000070A CDrD3r00         [17] 1452 	call	_jump
                                   1453 ;smram.c:714: return 1; // make sdcc happy
    0000070D 11 01 00         [10] 1454 	ld	de, #0x0001
                                   1455 ;smram.c:715: }
    00000710 C9               [10] 1456 	ret
    00000711                       1457 ___str_0:
    00000711 57 6F 6E 64 65 72 54  1458 	.ascii "WonderTANG! uSD Driver"
             41 4E 47 21 20 75 53
             44 20 44 72 69 76 65
             72
    00000727 00                    1459 	.db 0x00
    00000728                       1460 ___str_1:
    00000728 57 6F 6E 64 65 72 54  1461 	.ascii "WonderTANG! Super MegaRAM SCC"
             41 4E 47 21 20 53 75
             70 65 72 20 4D 65 67
             61 52 41 4D 20 53 43
             43
    00000745 0A                    1462 	.db 0x0a
    00000746 0D                    1463 	.db 0x0d
    00000747 00                    1464 	.db 0x00
    00000748                       1465 ___str_2:
    00000748 76 33 2E 30 30 20 28  1466 	.ascii "v3.00 (new-juice)"
             6E 65 77 2D 6A 75 69
             63 65 29
    00000759 0A                    1467 	.db 0x0a
    0000075A 0D                    1468 	.db 0x0d
    0000075B 00                    1469 	.db 0x00
    0000075C                       1470 ___str_3:
    0000075C 45 52 52 4F 52 3A 20  1471 	.ascii "ERROR: WonderTANG! not found..."
             57 6F 6E 64 65 72 54
             41 4E 47 21 20 6E 6F
             74 20 66 6F 75 6E 64
             2E 2E 2E
    0000077B 0A                    1472 	.db 0x0a
    0000077C 0D                    1473 	.db 0x0d
    0000077D 00                    1474 	.db 0x00
    0000077E                       1475 ___str_4:
    0000077E 0A                    1476 	.db 0x0a
    0000077F 0D                    1477 	.db 0x0d
    00000780 55 53 41 47 45 3A 20  1478 	.ascii "USAGE: SMRAM [/Rx /Zx /Y] [romfile]"
             53 4D 52 41 4D 20 5B
             2F 52 78 20 2F 5A 78
             20 2F 59 5D 20 5B 72
             6F 6D 66 69 6C 65 5D
    000007A3 0A                    1479 	.db 0x0a
    000007A4 0D                    1480 	.db 0x0d
    000007A5 0A                    1481 	.db 0x0a
    000007A6 0D                    1482 	.db 0x0d
    000007A7 20 2F 52 78 3A 20 53  1483 	.ascii " /Rx: Set MegaROM type"
             65 74 20 4D 65 67 61
             52 4F 4D 20 74 79 70
             65
    000007BD 0A                    1484 	.db 0x0a
    000007BE 0D                    1485 	.db 0x0d
    000007BF 20 20 20 30 3A 20 4D  1486 	.ascii "   0: Megaram SCC (default)"
             65 67 61 72 61 6D 20
             53 43 43 20 28 64 65
             66 61 75 6C 74 29
    000007DA 0A                    1487 	.db 0x0a
    000007DB 0D                    1488 	.db 0x0d
    000007DC 20 20 20 31 3A 20 41  1489 	.ascii "   1: ASCII16     (/A16)"
             53 43 49 49 31 36 20
             20 20 20 20 28 2F 41
             31 36 29
    000007F4 0A                    1490 	.db 0x0a
    000007F5 0D                    1491 	.db 0x0d
    000007F6 20 20 20 33 3A 20 41  1492 	.ascii "   3: ASCII8      (/A8)"
             53 43 49 49 38 20 20
             20 20 20 20 28 2F 41
             38 29
    0000080D 0A                    1493 	.db 0x0a
    0000080E 0D                    1494 	.db 0x0d
    0000080F 20 20 20 35 3A 20 4B  1495 	.ascii "   5: Konami SCC  (/K5)"
             6F 6E 61 6D 69 20 53
             43 43 20 20 28 2F 4B
             35 29
    00000826 0A                    1496 	.db 0x0a
    00000827 0D                    1497 	.db 0x0d
    00000828 20 20 20 36 3A 20 4B  1498 	.ascii "   6: Konami      (/K4)"
             6F 6E 61 6D 69 20 20
             20 20 20 20 28 2F 4B
             34 29
    0000083F 0A                    1499 	.db 0x0a
    00000840 0D                    1500 	.db 0x0d
    00000841 0A                    1501 	.db 0x0a
    00000842 0D                    1502 	.db 0x0d
    00000843 20 2F 44 3A 20 53 65  1503 	.ascii " /D: Set MegaRAM DDX type"
             74 20 4D 65 67 61 52
             41 4D 20 44 44 58 20
             74 79 70 65
    0000085C 0A                    1504 	.db 0x0a
    0000085D 0D                    1505 	.db 0x0d
    0000085E 20 2F 53 3A 20 53 6F  1506 	.ascii " /S: Soft reset"
             66 74 20 72 65 73 65
             74
    0000086D 0A                    1507 	.db 0x0a
    0000086E 0D                    1508 	.db 0x0d
    0000086F 20 2F 5A 78 3A 20 53  1509 	.ascii " /Zx: Set cpu mode"
             65 74 20 63 70 75 20
             6D 6F 64 65
    00000881 0A                    1510 	.db 0x0a
    00000882 0D                    1511 	.db 0x0d
    00000883 20 20 20 30 3A 20 63  1512 	.ascii "   0: current"
             75 72 72 65 6E 74
    00000890 0A                    1513 	.db 0x0a
    00000891 0D                    1514 	.db 0x0d
    00000892 20 20 20 31 3A 20 5A  1515 	.ascii "   1: Z80"
             38 30
    0000089B 0A                    1516 	.db 0x0a
    0000089C 0D                    1517 	.db 0x0d
    0000089D 20 20 20 32 3A 20 52  1518 	.ascii "   2: R800 ROM"
             38 30 30 20 52 4F 4D
    000008AB 0A                    1519 	.db 0x0a
    000008AC 0D                    1520 	.db 0x0d
    000008AD 20 20 20 33 3A 20 52  1521 	.ascii "   3: R800 DRAM"
             38 30 30 20 44 52 41
             4D
    000008BC 0A                    1522 	.db 0x0a
    000008BD 0D                    1523 	.db 0x0d
    000008BE 0A                    1524 	.db 0x0a
    000008BF 0D                    1525 	.db 0x0d
    000008C0 20 2F 59 3A 20 20 50  1526 	.ascii " /Y:  Preserve AB header"
             72 65 73 65 72 76 65
             20 41 42 20 68 65 61
             64 65 72
    000008D8 0A                    1527 	.db 0x0a
    000008D9 0D                    1528 	.db 0x0d
    000008DA 0A                    1529 	.db 0x0a
    000008DB 0D                    1530 	.db 0x0d
    000008DC 00                    1531 	.db 0x00
    000008DD                       1532 ___str_5:
    000008DD 0D                    1533 	.db 0x0d
    000008DE 0A                    1534 	.db 0x0a
    000008DF 4D 61 70 70 65 72 20  1535 	.ascii "Mapper Type: "
             54 79 70 65 3A 20
    000008EC 00                    1536 	.db 0x00
    000008ED                       1537 ___str_6:
    000008ED 4D 65 67 61 52 41 4D  1538 	.ascii "MegaRAM SCC (default)"
             20 53 43 43 20 28 64
             65 66 61 75 6C 74 29
    00000902 0A                    1539 	.db 0x0a
    00000903 0D                    1540 	.db 0x0d
    00000904 00                    1541 	.db 0x00
    00000905                       1542 ___str_7:
    00000905 4B 6F 6E 61 6D 69 20  1543 	.ascii "Konami (/R6 or /K4)"
             28 2F 52 36 20 6F 72
             20 2F 4B 34 29
    00000918 0A                    1544 	.db 0x0a
    00000919 0D                    1545 	.db 0x0d
    0000091A 00                    1546 	.db 0x00
    0000091B                       1547 ___str_8:
    0000091B 4B 6F 6E 61 6D 69 20  1548 	.ascii "Konami SCC (/R5 or /K5)"
             53 43 43 20 28 2F 52
             35 20 6F 72 20 2F 4B
             35 29
    00000932 0A                    1549 	.db 0x0a
    00000933 0D                    1550 	.db 0x0d
    00000934 00                    1551 	.db 0x00
    00000935                       1552 ___str_9:
    00000935 41 53 43 49 49 31 36  1553 	.ascii "ASCII16 (/R1 or /A16)"
             20 28 2F 52 31 20 6F
             72 20 2F 41 31 36 29
    0000094A 0A                    1554 	.db 0x0a
    0000094B 0D                    1555 	.db 0x0d
    0000094C 00                    1556 	.db 0x00
    0000094D                       1557 ___str_10:
    0000094D 41 53 43 49 49 38 20  1558 	.ascii "ASCII8 (/R3 or /A8)"
             28 2F 52 33 20 6F 72
             20 2F 41 38 29
    00000960 0A                    1559 	.db 0x0a
    00000961 0D                    1560 	.db 0x0d
    00000962 00                    1561 	.db 0x00
    00000963                       1562 ___str_11:
    00000963 4D 65 67 61 52 41 4D  1563 	.ascii "MegaRAM DDX (/D)"
             20 44 44 58 20 28 2F
             44 29
    00000973 0A                    1564 	.db 0x0a
    00000974 0D                    1565 	.db 0x0d
    00000975 00                    1566 	.db 0x00
    00000976                       1567 ___str_12:
    00000976 4C 6F 61 64 69 6E 67  1568 	.ascii "Loading ROM file: %s - "
             20 52 4F 4D 20 66 69
             6C 65 3A 20 25 73 20
             2D 20
    0000098D 00                    1569 	.db 0x00
    0000098E                       1570 ___str_13:
    0000098E 25 30 34 64 4B 42     1571 	.ascii "%04dKB"
    00000994 00                    1572 	.db 0x00
    00000995                       1573 ___str_14:
    00000995 08                    1574 	.db 0x08
    00000996 08                    1575 	.db 0x08
    00000997 08                    1576 	.db 0x08
    00000998 08                    1577 	.db 0x08
    00000999 08                    1578 	.db 0x08
    0000099A 08                    1579 	.db 0x08
    0000099B 25 30 34 64 4B 42     1580 	.ascii "%04dKB"
    000009A1 00                    1581 	.db 0x00
    000009A2                       1582 ___str_15:
    000009A2 45 52 52 4F 52 3A 20  1583 	.ascii "ERROR: Failed loading %s"
             46 61 69 6C 65 64 20
             6C 6F 61 64 69 6E 67
             20 25 73
    000009BA 0A                    1584 	.db 0x0a
    000009BB 0D                    1585 	.db 0x0d
    000009BC 00                    1586 	.db 0x00
    000009BD                       1587 ___str_16:
    000009BD 0A                    1588 	.db 0x0a
    000009BE 0D                    1589 	.db 0x0d
    000009BF 0A                    1590 	.db 0x0a
    000009C0 0D                    1591 	.db 0x0d
    000009C1 53 74 61 72 74 20 61  1592 	.ascii "Start address: 0x%04x (page %d)"
             64 64 72 65 73 73 3A
             20 30 78 25 30 34 78
             20 28 70 61 67 65 20
             25 64 29
    000009E0 0A                    1593 	.db 0x0a
    000009E1 0D                    1594 	.db 0x0d
    000009E2 00                    1595 	.db 0x00
                                   1596 	.area _CODE
                                   1597 	.area _INITIALIZER
    00000000                       1598 __xinit__found:
    00000000 00                    1599 	.db #0x00	; 0
    00000001                       1600 __xinit__filename:
    00000001 00 00                 1601 	.dw #0x0000
    00000003                       1602 __xinit__megaram_type:
    00000003 00 00                 1603 	.dw #0x0000
    00000005                       1604 __xinit__paramlen:
    00000005 00                    1605 	.db #0x00	; 0
    00000006                       1606 __xinit__presAB:
    00000006 00                    1607 	.db #0x00	; 0
    00000007                       1608 __xinit__softReset:
    00000007 00                    1609 	.db #0x00	; 0
    00000008                       1610 __xinit__cpumode:
    00000008 01                    1611 	.db #0x01	; 1
    00000009                       1612 __xinit__page2:
    00000009 00                    1613 	.db #0x00	; 0
    0000000A                       1614 __xinit__help:
    0000000A 00                    1615 	.db #0x00	; 0
    0000000B                       1616 __xinit__scc_vol:
    0000000B 09                    1617 	.db #0x09	; 9
    0000000C                       1618 __xinit__psg_vol:
    0000000C 09                    1619 	.db #0x09	; 9
    0000000D                       1620 __xinit__opll_vol:
    0000000D 09                    1621 	.db #0x09	; 9
                                   1622 	.area _CABS (ABS)
