ASxxxx Linker V05.50.4-SDLD,  page 1.
Hexadecimal  [32-Bits]

Area                                    Addr        Size        Decimal Bytes (Attributes)
--------------------------------        ----        ----        ------- ----- ------------
.  .ABS.                            00000000    00000000 =           0. bytes (ABS,CON)

         Value  Global                             Global Defined In Module
         -----  --------------------------------   ------------------------
     00000000  .__.ABS.                           strlen
     00000000  l__CABS                         
     00000000  l__DABS                         
     00000000  l__HEADER                       
     00000000  l__HOME                         
     00000000  l__INITFINAL                    
     00000000  s__CABS                         
     00000000  s__DABS                         
     00000000  s__HEADER                       
     00000000  s__HEADER0                      
     00000001  l__GSFINAL                      
     00000002  l__BSS                          
     00000002  l__HEAP                         
     00000014  l__INITIALIZED                  
     00000014  l__INITIALIZER                  
     0000001B  l__HEADER0                      
     00000025  l__GSINIT                       
     0000011C  l__DATA                         
     00000200  s__CODE                         
     000019AA  l__CODE                         
     00001BAA  s__GSINIT                       
     00001BCF  s__GSFINAL                      
     00001BD0  s__HOME                         
     00001BD0  s__INITIALIZER                  
     00001BE4  s__INITFINAL                    
     00001BE4  s__INITIALIZED                  
     00001BF8  s__DATA                         
     00001D14  s__BSS                          
     00001D16  s__HEAP                         

ASxxxx Linker V05.50.4-SDLD,  page 2.
Hexadecimal  [32-Bits]

Area                                    Addr        Size        Decimal Bytes (Attributes)
--------------------------------        ----        ----        ------- ----- ------------
_CODE                               00000200    000019AA =        6570. bytes (REL,CON)

         Value  Global                             Global Defined In Module
         -----  --------------------------------   ------------------------
     00000200  _bdos                              smram
     0000020C  _bdos_c_write                      smram
     00000213  _bdos_c_rawio                      smram
     0000021B  _putchar                           smram
     00000226  _getchar                           smram
     00000230  _fputs                             smram
     0000023F  _to_upper                          smram
     00000248  _enaslt                            smram
     0000025D  _rdslt                             smram
     00000267  _chgcpu                            smram
     00000289  _dos2_open                         smram
     0000029B  _dos2_close                        smram
     000002A4  _dos2_read                         smram
     000002BE  _dos2_getenv                       smram
     000002C6  _hexToNum                          smram
     000002D3  _jump                              smram
     000002D8  _runROM_page1                      smram
     000002FF  _runROM_page0                      smram
     000002FF  _runROM_page1_end                  smram
     00000329  _runROM_page0_end                  smram
     00000329  _runROM_page2                      smram
     00000350  _runROM_page2_end                  smram
     00000350  _runROM_page3                      smram
     00000378  _runROM_Reset                      smram
     00000378  _runROM_page3_end                  smram
     0000039D  _print_mapper_type                 smram
     0000039D  _runROM_Reset_end                  smram
     000004D3  _main                              smram
     0000105F  _vprintf                           vprintf
     0000106B  _printf                            vprintf
     00001147  __print_format                     printf_large
     00001B9D  ___sdcc_call_hl                    
     00001B9E  _strlen                            strlen
ASxxxx Linker V05.50.4-SDLD,  page 3.
Hexadecimal  [32-Bits]

Area                                    Addr        Size        Decimal Bytes (Attributes)
--------------------------------        ----        ----        ------- ----- ------------
_HEADER0                            00000000    0000001B =          27. bytes (ABS,CON)

         Value  Global                             Global Defined In Module
         -----  --------------------------------   ------------------------
ASxxxx Linker V05.50.4-SDLD,  page 4.
Hexadecimal  [32-Bits]

Area                                    Addr        Size        Decimal Bytes (Attributes)
--------------------------------        ----        ----        ------- ----- ------------
_GSINIT                             00001BAA    00000025 =          37. bytes (REL,CON)

         Value  Global                             Global Defined In Module
         -----  --------------------------------   ------------------------
ASxxxx Linker V05.50.4-SDLD,  page 5.
Hexadecimal  [32-Bits]

Area                                    Addr        Size        Decimal Bytes (Attributes)
--------------------------------        ----        ----        ------- ----- ------------
_GSFINAL                            00001BCF    00000001 =           1. bytes (REL,CON)

         Value  Global                             Global Defined In Module
         -----  --------------------------------   ------------------------
ASxxxx Linker V05.50.4-SDLD,  page 6.
Hexadecimal  [32-Bits]

Area                                    Addr        Size        Decimal Bytes (Attributes)
--------------------------------        ----        ----        ------- ----- ------------
_INITIALIZER                        00001BD0    00000014 =          20. bytes (REL,CON)

         Value  Global                             Global Defined In Module
         -----  --------------------------------   ------------------------
ASxxxx Linker V05.50.4-SDLD,  page 7.
Hexadecimal  [32-Bits]

Area                                    Addr        Size        Decimal Bytes (Attributes)
--------------------------------        ----        ----        ------- ----- ------------
_INITIALIZED                        00001BE4    00000014 =          20. bytes (REL,CON)

         Value  Global                             Global Defined In Module
         -----  --------------------------------   ------------------------
     00001BE4  _found                             smram
     00001BE5  _filename                          smram
     00001BE7  _megaram_type                      smram
     00001BE9  _paramlen                          smram
     00001BEA  _presAB                            smram
     00001BEB  _softReset                         smram
     00001BEC  _mapperSpecified                   smram
     00001BED  _headerValid                       smram
     00001BEE  _linearHeaderValid                 smram
     00001BEF  _exitAfterLoad                     smram
     00001BF0  _stepDebug                         smram
     00001BF1  _cpumode                           smram
     00001BF2  _startpage                         smram
     00001BF3  _loadpage                          smram
     00001BF4  _help                              smram
     00001BF5  _scc_vol                           smram
     00001BF6  _psg_vol                           smram
     00001BF7  _opll_vol                          smram
ASxxxx Linker V05.50.4-SDLD,  page 8.
Hexadecimal  [32-Bits]

Area                                    Addr        Size        Decimal Bytes (Attributes)
--------------------------------        ----        ----        ------- ----- ------------
_DATA                               00001BF8    0000011C =         284. bytes (REL,CON)

         Value  Global                             Global Defined In Module
         -----  --------------------------------   ------------------------
     00001BF8  _curslt                            smram
     00001BF9  _cursslt                           smram
     00001BFA  _sslt                              smram
     00001BFB  _b                                 smram
     00001BFC  _s                                 smram
     00001BFE  _t                                 smram
     00001C00  _params                            smram
     00001C02  _handle                            smram
     00001C03  _bytes_read                        smram
     00001C05  _i                                 smram
     00001C07  _addr                              smram
     00001C09  _page                              smram
     00001C0A  _romsize                           smram
     00001C0E  _slotid                            smram
     00001C0F  _path                              smram
     00001D0F  _romstart                          smram
     00001D11  _linearRomstart                    smram
     00001D13  _c                                 smram
ASxxxx Linker V05.50.4-SDLD,  page 9.
Hexadecimal  [32-Bits]

Area                                    Addr        Size        Decimal Bytes (Attributes)
--------------------------------        ----        ----        ------- ----- ------------
_BSS                                00001D14    00000002 =           2. bytes (REL,CON)

         Value  Global                             Global Defined In Module
         -----  --------------------------------   ------------------------
     00001D14  __himem                            crt0
     00001D16  __lomem                            crt0

ASxxxx Linker V05.50.4-SDLD,  page 10.
Hexadecimal  [32-Bits]

Area                                    Addr        Size        Decimal Bytes (Attributes)
--------------------------------        ----        ----        ------- ----- ------------
_HEAP                               00001D16    00000002 =           2. bytes (REL,CON)

         Value  Global                             Global Defined In Module
         -----  --------------------------------   ------------------------
     00001D16  __heap_start                       crt0

ASxxxx Linker V05.50.4-SDLD,  page 11.

Files Linked                              [ module(s) ]

crt0.rel                                  [ crt0 ]
smram.rel                                 [ smram ]


Libraries Linked                          [ object file ]

/opt/homebrew/bin/../share/sdcc/lib/z80/z80.lib
                                          [ vprintf.rel ]
/opt/homebrew/bin/../share/sdcc/lib/z80/z80.lib
                                          [ printf_large.rel ]
/opt/homebrew/bin/../share/sdcc/lib/z80/z80.lib
                                          [ __sdcc_call_hl.rel ]
/opt/homebrew/bin/../share/sdcc/lib/z80/z80.lib
                                          [ strlen.rel ]

ASxxxx Linker V05.50.4-SDLD,  page 12.

User Base Address Definitions

_CODE = 0x0200
_DATA = 0x0000

