ASxxxx Linker V05.50.4-SDLD,  page 1.
Hexadecimal  [32-Bits]

Area                                    Addr        Size        Decimal Bytes (Attributes)
--------------------------------        ----        ----        ------- ----- ------------
.  .ABS.                            00000000    00000000 =           0. bytes (ABS,CON)

         Value  Global                             Global Defined In Module
         -----  --------------------------------   ------------------------
     00000000  .__.ABS.                           strlen
     00000000  l__CABS                         
     00000000  l__DABS                         
     00000000  l__HEADER                       
     00000000  l__HOME                         
     00000000  l__INITFINAL                    
     00000000  s__CABS                         
     00000000  s__DABS                         
     00000000  s__HEADER                       
     00000000  s__HEADER0                      
     00000001  l__GSFINAL                      
     00000002  l__BSS                          
     00000002  l__HEAP                         
     00000014  l__INITIALIZED                  
     00000014  l__INITIALIZER                  
     0000001B  l__HEADER0                      
     00000025  l__GSINIT                       
     0000011C  l__DATA                         
     00000200  s__CODE                         
     000019D0  l__CODE                         
     00001BD0  s__GSINIT                       
     00001BF5  s__GSFINAL                      
     00001BF6  s__HOME                         
     00001BF6  s__INITIALIZER                  
     00001C0A  s__INITFINAL                    
     00001C0A  s__INITIALIZED                  
     00001C1E  s__DATA                         
     00001D3A  s__BSS                          
     00001D3C  s__HEAP                         

ASxxxx Linker V05.50.4-SDLD,  page 2.
Hexadecimal  [32-Bits]

Area                                    Addr        Size        Decimal Bytes (Attributes)
--------------------------------        ----        ----        ------- ----- ------------
_CODE                               00000200    000019D0 =        6608. bytes (REL,CON)

         Value  Global                             Global Defined In Module
         -----  --------------------------------   ------------------------
     00000200  _bdos                              smram
     0000020C  _bdos_c_write                      smram
     00000213  _bdos_c_rawio                      smram
     0000021B  _putchar                           smram
     00000226  _getchar                           smram
     00000230  _fputs                             smram
     0000023F  _to_upper                          smram
     00000248  _enaslt                            smram
     0000025D  _rdslt                             smram
     00000267  _chgcpu                            smram
     00000289  _dos2_open                         smram
     0000029B  _dos2_close                        smram
     000002A4  _dos2_read                         smram
     000002BE  _dos2_getenv                       smram
     000002C6  _hexToNum                          smram
     000002D3  _jump                              smram
     000002D8  _runROM_page1                      smram
     000002FF  _runROM_page0                      smram
     000002FF  _runROM_page1_end                  smram
     00000329  _runROM_page0_end                  smram
     00000329  _runROM_page2                      smram
     00000350  _runROM_page2_end                  smram
     00000350  _runROM_page3                      smram
     00000378  _runROM_Reset                      smram
     00000378  _runROM_page3_end                  smram
     0000039D  _print_mapper_type                 smram
     0000039D  _runROM_Reset_end                  smram
     000004D3  _main                              smram
     00001085  _vprintf                           vprintf
     00001091  _printf                            vprintf
     0000116D  __print_format                     printf_large
     00001BC3  ___sdcc_call_hl                    
     00001BC4  _strlen                            strlen
ASxxxx Linker V05.50.4-SDLD,  page 3.
Hexadecimal  [32-Bits]

Area                                    Addr        Size        Decimal Bytes (Attributes)
--------------------------------        ----        ----        ------- ----- ------------
_HEADER0                            00000000    0000001B =          27. bytes (ABS,CON)

         Value  Global                             Global Defined In Module
         -----  --------------------------------   ------------------------
ASxxxx Linker V05.50.4-SDLD,  page 4.
Hexadecimal  [32-Bits]

Area                                    Addr        Size        Decimal Bytes (Attributes)
--------------------------------        ----        ----        ------- ----- ------------
_GSINIT                             00001BD0    00000025 =          37. bytes (REL,CON)

         Value  Global                             Global Defined In Module
         -----  --------------------------------   ------------------------
ASxxxx Linker V05.50.4-SDLD,  page 5.
Hexadecimal  [32-Bits]

Area                                    Addr        Size        Decimal Bytes (Attributes)
--------------------------------        ----        ----        ------- ----- ------------
_GSFINAL                            00001BF5    00000001 =           1. bytes (REL,CON)

         Value  Global                             Global Defined In Module
         -----  --------------------------------   ------------------------
ASxxxx Linker V05.50.4-SDLD,  page 6.
Hexadecimal  [32-Bits]

Area                                    Addr        Size        Decimal Bytes (Attributes)
--------------------------------        ----        ----        ------- ----- ------------
_INITIALIZER                        00001BF6    00000014 =          20. bytes (REL,CON)

         Value  Global                             Global Defined In Module
         -----  --------------------------------   ------------------------
ASxxxx Linker V05.50.4-SDLD,  page 7.
Hexadecimal  [32-Bits]

Area                                    Addr        Size        Decimal Bytes (Attributes)
--------------------------------        ----        ----        ------- ----- ------------
_INITIALIZED                        00001C0A    00000014 =          20. bytes (REL,CON)

         Value  Global                             Global Defined In Module
         -----  --------------------------------   ------------------------
     00001C0A  _found                             smram
     00001C0B  _filename                          smram
     00001C0D  _megaram_type                      smram
     00001C0F  _paramlen                          smram
     00001C10  _presAB                            smram
     00001C11  _softReset                         smram
     00001C12  _mapperSpecified                   smram
     00001C13  _headerValid                       smram
     00001C14  _linearHeaderValid                 smram
     00001C15  _exitAfterLoad                     smram
     00001C16  _stepDebug                         smram
     00001C17  _cpumode                           smram
     00001C18  _startpage                         smram
     00001C19  _loadpage                          smram
     00001C1A  _help                              smram
     00001C1B  _scc_vol                           smram
     00001C1C  _psg_vol                           smram
     00001C1D  _opll_vol                          smram
ASxxxx Linker V05.50.4-SDLD,  page 8.
Hexadecimal  [32-Bits]

Area                                    Addr        Size        Decimal Bytes (Attributes)
--------------------------------        ----        ----        ------- ----- ------------
_DATA                               00001C1E    0000011C =         284. bytes (REL,CON)

         Value  Global                             Global Defined In Module
         -----  --------------------------------   ------------------------
     00001C1E  _curslt                            smram
     00001C1F  _cursslt                           smram
     00001C20  _sslt                              smram
     00001C21  _b                                 smram
     00001C22  _s                                 smram
     00001C24  _t                                 smram
     00001C26  _params                            smram
     00001C28  _handle                            smram
     00001C29  _bytes_read                        smram
     00001C2B  _i                                 smram
     00001C2D  _addr                              smram
     00001C2F  _page                              smram
     00001C30  _romsize                           smram
     00001C34  _slotid                            smram
     00001C35  _path                              smram
     00001D35  _romstart                          smram
     00001D37  _linearRomstart                    smram
     00001D39  _c                                 smram
ASxxxx Linker V05.50.4-SDLD,  page 9.
Hexadecimal  [32-Bits]

Area                                    Addr        Size        Decimal Bytes (Attributes)
--------------------------------        ----        ----        ------- ----- ------------
_BSS                                00001D3A    00000002 =           2. bytes (REL,CON)

         Value  Global                             Global Defined In Module
         -----  --------------------------------   ------------------------
     00001D3A  __himem                            crt0
     00001D3C  __lomem                            crt0

ASxxxx Linker V05.50.4-SDLD,  page 10.
Hexadecimal  [32-Bits]

Area                                    Addr        Size        Decimal Bytes (Attributes)
--------------------------------        ----        ----        ------- ----- ------------
_HEAP                               00001D3C    00000002 =           2. bytes (REL,CON)

         Value  Global                             Global Defined In Module
         -----  --------------------------------   ------------------------
     00001D3C  __heap_start                       crt0

ASxxxx Linker V05.50.4-SDLD,  page 11.

Files Linked                              [ module(s) ]

crt0.rel                                  [ crt0 ]
smram.rel                                 [ smram ]


Libraries Linked                          [ object file ]

/opt/homebrew/bin/../share/sdcc/lib/z80/z80.lib
                                          [ vprintf.rel ]
/opt/homebrew/bin/../share/sdcc/lib/z80/z80.lib
                                          [ printf_large.rel ]
/opt/homebrew/bin/../share/sdcc/lib/z80/z80.lib
                                          [ __sdcc_call_hl.rel ]
/opt/homebrew/bin/../share/sdcc/lib/z80/z80.lib
                                          [ strlen.rel ]

ASxxxx Linker V05.50.4-SDLD,  page 12.

User Base Address Definitions

_CODE = 0x0200
_DATA = 0x0000

