ASxxxx Linker V05.50.4-SDLD,  page 1.
Hexadecimal  [32-Bits]

Area                                    Addr        Size        Decimal Bytes (Attributes)
--------------------------------        ----        ----        ------- ----- ------------
.  .ABS.                            00000000    00000000 =           0. bytes (ABS,CON)

         Value  Global                             Global Defined In Module
         -----  --------------------------------   ------------------------
     00000000  .__.ABS.                           strlen
     00000000  l__CABS                         
     00000000  l__DABS                         
     00000000  l__HEADER                       
     00000000  l__HOME                         
     00000000  l__INITFINAL                    
     00000000  s__CABS                         
     00000000  s__DABS                         
     00000000  s__HEADER                       
     00000000  s__HEADER0                      
     00000001  l__GSFINAL                      
     00000002  l__BSS                          
     00000002  l__HEAP                         
     00000015  l__INITIALIZED                  
     00000015  l__INITIALIZER                  
     0000001B  l__HEADER0                      
     00000025  l__GSINIT                       
     0000011E  l__DATA                         
     00000200  s__CODE                         
     00001AB4  l__CODE                         
     00001CB4  s__GSINIT                       
     00001CD9  s__GSFINAL                      
     00001CDA  s__HOME                         
     00001CDA  s__INITIALIZER                  
     00001CEF  s__INITFINAL                    
     00001CEF  s__INITIALIZED                  
     00001D04  s__DATA                         
     00001E22  s__BSS                          
     00001E24  s__HEAP                         

ASxxxx Linker V05.50.4-SDLD,  page 2.
Hexadecimal  [32-Bits]

Area                                    Addr        Size        Decimal Bytes (Attributes)
--------------------------------        ----        ----        ------- ----- ------------
_CODE                               00000200    00001AB4 =        6836. bytes (REL,CON)

         Value  Global                             Global Defined In Module
         -----  --------------------------------   ------------------------
     00000200  _bdos                              smram
     0000020C  _bdos_c_write                      smram
     00000213  _bdos_c_rawio                      smram
     0000021B  _putchar                           smram
     00000226  _getchar                           smram
     00000230  _fputs                             smram
     0000023F  _to_upper                          smram
     00000248  _enaslt                            smram
     0000025D  _rdslt                             smram
     00000267  _chgcpu                            smram
     00000289  _dos2_open                         smram
     0000029B  _dos2_close                        smram
     000002A4  _dos2_read                         smram
     000002BE  _dos2_getenv                       smram
     000002C6  _hexToNum                          smram
     000002D3  _jump                              smram
     000002D8  _runROM_page1                      smram
     00000320  _runROM_page0                      smram
     00000320  _runROM_page1_end                  smram
     00000357  _runROM_page0_end                  smram
     00000357  _runROM_page2                      smram
     0000039F  _runROM_page2_end                  smram
     0000039F  _runROM_page3                      smram
     000003DD  _runROM_Reset                      smram
     000003DD  _runROM_page3_end                  smram
     0000040F  _print_mapper_type                 smram
     0000040F  _runROM_Reset_end                  smram
     00000545  _main                              smram
     00001169  _vprintf                           vprintf
     00001175  _printf                            vprintf
     00001251  __print_format                     printf_large
     00001CA7  ___sdcc_call_hl                    
     00001CA8  _strlen                            strlen
ASxxxx Linker V05.50.4-SDLD,  page 3.
Hexadecimal  [32-Bits]

Area                                    Addr        Size        Decimal Bytes (Attributes)
--------------------------------        ----        ----        ------- ----- ------------
_HEADER0                            00000000    0000001B =          27. bytes (ABS,CON)

         Value  Global                             Global Defined In Module
         -----  --------------------------------   ------------------------
ASxxxx Linker V05.50.4-SDLD,  page 4.
Hexadecimal  [32-Bits]

Area                                    Addr        Size        Decimal Bytes (Attributes)
--------------------------------        ----        ----        ------- ----- ------------
_GSINIT                             00001CB4    00000025 =          37. bytes (REL,CON)

         Value  Global                             Global Defined In Module
         -----  --------------------------------   ------------------------
ASxxxx Linker V05.50.4-SDLD,  page 5.
Hexadecimal  [32-Bits]

Area                                    Addr        Size        Decimal Bytes (Attributes)
--------------------------------        ----        ----        ------- ----- ------------
_GSFINAL                            00001CD9    00000001 =           1. bytes (REL,CON)

         Value  Global                             Global Defined In Module
         -----  --------------------------------   ------------------------
ASxxxx Linker V05.50.4-SDLD,  page 6.
Hexadecimal  [32-Bits]

Area                                    Addr        Size        Decimal Bytes (Attributes)
--------------------------------        ----        ----        ------- ----- ------------
_INITIALIZER                        00001CDA    00000015 =          21. bytes (REL,CON)

         Value  Global                             Global Defined In Module
         -----  --------------------------------   ------------------------
ASxxxx Linker V05.50.4-SDLD,  page 7.
Hexadecimal  [32-Bits]

Area                                    Addr        Size        Decimal Bytes (Attributes)
--------------------------------        ----        ----        ------- ----- ------------
_INITIALIZED                        00001CEF    00000015 =          21. bytes (REL,CON)

         Value  Global                             Global Defined In Module
         -----  --------------------------------   ------------------------
     00001CEF  _found                             smram
     00001CF0  _filename                          smram
     00001CF2  _megaram_type                      smram
     00001CF4  _paramlen                          smram
     00001CF5  _presAB                            smram
     00001CF6  _softReset                         smram
     00001CF7  _mapperSpecified                   smram
     00001CF8  _headerValid                       smram
     00001CF9  _linearHeaderValid                 smram
     00001CFA  _exitAfterLoad                     smram
     00001CFB  _stepDebug                         smram
     00001CFC  _breakpointAddressSpecified        smram
     00001CFD  _cpumode                           smram
     00001CFE  _startpage                         smram
     00001CFF  _loadpage                          smram
     00001D00  _help                              smram
     00001D01  _scc_vol                           smram
     00001D02  _psg_vol                           smram
     00001D03  _opll_vol                          smram

ASxxxx Linker V05.50.4-SDLD,  page 8.
Hexadecimal  [32-Bits]

Area                                    Addr        Size        Decimal Bytes (Attributes)
--------------------------------        ----        ----        ------- ----- ------------
_DATA                               00001D04    0000011E =         286. bytes (REL,CON)

         Value  Global                             Global Defined In Module
         -----  --------------------------------   ------------------------
     00001D04  _curslt                            smram
     00001D05  _cursslt                           smram
     00001D06  _sslt                              smram
     00001D07  _b                                 smram
     00001D08  _s                                 smram
     00001D0A  _t                                 smram
     00001D0C  _params                            smram
     00001D0E  _handle                            smram
     00001D0F  _bytes_read                        smram
     00001D11  _i                                 smram
     00001D13  _addr                              smram
     00001D15  _page                              smram
     00001D16  _romsize                           smram
     00001D1A  _slotid                            smram
     00001D1B  _path                              smram
     00001E1B  _romstart                          smram
     00001E1D  _breakpointAddress                 smram
     00001E1F  _linearRomstart                    smram
     00001E21  _c                                 smram

ASxxxx Linker V05.50.4-SDLD,  page 9.
Hexadecimal  [32-Bits]

Area                                    Addr        Size        Decimal Bytes (Attributes)
--------------------------------        ----        ----        ------- ----- ------------
_BSS                                00001E22    00000002 =           2. bytes (REL,CON)

         Value  Global                             Global Defined In Module
         -----  --------------------------------   ------------------------
     00001E22  __himem                            crt0
     00001E24  __lomem                            crt0

ASxxxx Linker V05.50.4-SDLD,  page 10.
Hexadecimal  [32-Bits]

Area                                    Addr        Size        Decimal Bytes (Attributes)
--------------------------------        ----        ----        ------- ----- ------------
_HEAP                               00001E24    00000002 =           2. bytes (REL,CON)

         Value  Global                             Global Defined In Module
         -----  --------------------------------   ------------------------
     00001E24  __heap_start                       crt0

ASxxxx Linker V05.50.4-SDLD,  page 11.

Files Linked                              [ module(s) ]

crt0.rel                                  [ crt0 ]
smramb.rel                                [ smram ]


Libraries Linked                          [ object file ]

/opt/homebrew/bin/../share/sdcc/lib/z80/z80.lib
                                          [ vprintf.rel ]
/opt/homebrew/bin/../share/sdcc/lib/z80/z80.lib
                                          [ printf_large.rel ]
/opt/homebrew/bin/../share/sdcc/lib/z80/z80.lib
                                          [ __sdcc_call_hl.rel ]
/opt/homebrew/bin/../share/sdcc/lib/z80/z80.lib
                                          [ strlen.rel ]

ASxxxx Linker V05.50.4-SDLD,  page 12.

User Base Address Definitions

_CODE = 0x0200
_DATA = 0x0000

