ASxxxx Linker V05.50.4-SDLD,  page 1.
Hexadecimal  [32-Bits]

Area                                    Addr        Size        Decimal Bytes (Attributes)
--------------------------------        ----        ----        ------- ----- ------------
.  .ABS.                            00000000    00000000 =           0. bytes (ABS,CON)

         Value  Global                             Global Defined In Module
         -----  --------------------------------   ------------------------
     00000000  .__.ABS.                           strlen
     00000000  l__CABS                         
     00000000  l__DABS                         
     00000000  l__HEADER                       
     00000000  l__HOME                         
     00000000  l__INITFINAL                    
     00000000  s__CABS                         
     00000000  s__DABS                         
     00000000  s__HEADER                       
     00000000  s__HEADER0                      
     00000001  l__GSFINAL                      
     00000002  l__BSS                          
     00000002  l__HEAP                         
     0000000E  l__INITIALIZED                  
     0000000E  l__INITIALIZER                  
     0000001B  l__HEADER0                      
     00000025  l__GSINIT                       
     0000011A  l__DATA                         
     00000200  s__CODE                         
     00001534  l__CODE                         
     00001734  s__GSINIT                       
     00001759  s__GSFINAL                      
     0000175A  s__HOME                         
     0000175A  s__INITIALIZER                  
     00001768  s__INITFINAL                    
     00001768  s__INITIALIZED                  
     00001776  s__DATA                         
     00001890  s__BSS                          
     00001892  s__HEAP                         

ASxxxx Linker V05.50.4-SDLD,  page 2.
Hexadecimal  [32-Bits]

Area                                    Addr        Size        Decimal Bytes (Attributes)
--------------------------------        ----        ----        ------- ----- ------------
_CODE                               00000200    00001534 =        5428. bytes (REL,CON)

         Value  Global                             Global Defined In Module
         -----  --------------------------------   ------------------------
     00000200  _bdos                              smram
     0000020C  _bdos_c_write                      smram
     00000213  _bdos_c_rawio                      smram
     0000021B  _putchar                           smram
     00000226  _getchar                           smram
     00000230  _fputs                             smram
     0000023F  _to_upper                          smram
     00000248  _enaslt                            smram
     0000025D  _rdslt                             smram
     00000267  _chgcpu                            smram
     00000289  _dos2_open                         smram
     0000029B  _dos2_close                        smram
     000002A4  _dos2_read                         smram
     000002BE  _dos2_getenv                       smram
     000002C6  _hexToNum                          smram
     000002D3  _jump                              smram
     000002D8  _runROM_page1                      smram
     000002F3  _runROM_page1_end                  smram
     000002F3  _runROM_page2                      smram
     0000030E  _runROM_Reset                      smram
     0000030E  _runROM_page2_end                  smram
     00000328  _main                              smram
     00000328  _runROM_Reset_end                  smram
     00000BE9  _vprintf                           vprintf
     00000BF5  _printf                            vprintf
     00000CD1  __print_format                     printf_large
     00001727  ___sdcc_call_hl                    
     00001728  _strlen                            strlen

ASxxxx Linker V05.50.4-SDLD,  page 3.
Hexadecimal  [32-Bits]

Area                                    Addr        Size        Decimal Bytes (Attributes)
--------------------------------        ----        ----        ------- ----- ------------
_HEADER0                            00000000    0000001B =          27. bytes (ABS,CON)

         Value  Global                             Global Defined In Module
         -----  --------------------------------   ------------------------
ASxxxx Linker V05.50.4-SDLD,  page 4.
Hexadecimal  [32-Bits]

Area                                    Addr        Size        Decimal Bytes (Attributes)
--------------------------------        ----        ----        ------- ----- ------------
_GSINIT                             00001734    00000025 =          37. bytes (REL,CON)

         Value  Global                             Global Defined In Module
         -----  --------------------------------   ------------------------
ASxxxx Linker V05.50.4-SDLD,  page 5.
Hexadecimal  [32-Bits]

Area                                    Addr        Size        Decimal Bytes (Attributes)
--------------------------------        ----        ----        ------- ----- ------------
_GSFINAL                            00001759    00000001 =           1. bytes (REL,CON)

         Value  Global                             Global Defined In Module
         -----  --------------------------------   ------------------------
ASxxxx Linker V05.50.4-SDLD,  page 6.
Hexadecimal  [32-Bits]

Area                                    Addr        Size        Decimal Bytes (Attributes)
--------------------------------        ----        ----        ------- ----- ------------
_INITIALIZER                        0000175A    0000000E =          14. bytes (REL,CON)

         Value  Global                             Global Defined In Module
         -----  --------------------------------   ------------------------
ASxxxx Linker V05.50.4-SDLD,  page 7.
Hexadecimal  [32-Bits]

Area                                    Addr        Size        Decimal Bytes (Attributes)
--------------------------------        ----        ----        ------- ----- ------------
_INITIALIZED                        00001768    0000000E =          14. bytes (REL,CON)

         Value  Global                             Global Defined In Module
         -----  --------------------------------   ------------------------
     00001768  _found                             smram
     00001769  _filename                          smram
     0000176B  _megaram_type                      smram
     0000176D  _paramlen                          smram
     0000176E  _presAB                            smram
     0000176F  _softReset                         smram
     00001770  _cpumode                           smram
     00001771  _page2                             smram
     00001772  _help                              smram
     00001773  _scc_vol                           smram
     00001774  _psg_vol                           smram
     00001775  _opll_vol                          smram
ASxxxx Linker V05.50.4-SDLD,  page 8.
Hexadecimal  [32-Bits]

Area                                    Addr        Size        Decimal Bytes (Attributes)
--------------------------------        ----        ----        ------- ----- ------------
_DATA                               00001776    0000011A =         282. bytes (REL,CON)

         Value  Global                             Global Defined In Module
         -----  --------------------------------   ------------------------
     00001776  _curslt                            smram
     00001777  _cursslt                           smram
     00001778  _sslt                              smram
     00001779  _b                                 smram
     0000177A  _s                                 smram
     0000177C  _t                                 smram
     0000177E  _params                            smram
     00001780  _handle                            smram
     00001781  _bytes_read                        smram
     00001783  _i                                 smram
     00001785  _addr                              smram
     00001787  _page                              smram
     00001788  _romsize                           smram
     0000178C  _slotid                            smram
     0000178D  _path                              smram
     0000188D  _romstart                          smram
     0000188F  _c                                 smram

ASxxxx Linker V05.50.4-SDLD,  page 9.
Hexadecimal  [32-Bits]

Area                                    Addr        Size        Decimal Bytes (Attributes)
--------------------------------        ----        ----        ------- ----- ------------
_BSS                                00001890    00000002 =           2. bytes (REL,CON)

         Value  Global                             Global Defined In Module
         -----  --------------------------------   ------------------------
     00001890  __himem                            crt0
     00001892  __lomem                            crt0

ASxxxx Linker V05.50.4-SDLD,  page 10.
Hexadecimal  [32-Bits]

Area                                    Addr        Size        Decimal Bytes (Attributes)
--------------------------------        ----        ----        ------- ----- ------------
_HEAP                               00001892    00000002 =           2. bytes (REL,CON)

         Value  Global                             Global Defined In Module
         -----  --------------------------------   ------------------------
     00001892  __heap_start                       crt0

ASxxxx Linker V05.50.4-SDLD,  page 11.

Files Linked                              [ module(s) ]

crt0.rel                                  [ crt0 ]
smram.rel                                 [ smram ]


Libraries Linked                          [ object file ]

/opt/homebrew/bin/../share/sdcc/lib/z80/z80.lib
                                          [ vprintf.rel ]
/opt/homebrew/bin/../share/sdcc/lib/z80/z80.lib
                                          [ printf_large.rel ]
/opt/homebrew/bin/../share/sdcc/lib/z80/z80.lib
                                          [ __sdcc_call_hl.rel ]
/opt/homebrew/bin/../share/sdcc/lib/z80/z80.lib
                                          [ strlen.rel ]

ASxxxx Linker V05.50.4-SDLD,  page 12.

User Base Address Definitions

_CODE = 0x0200
_DATA = 0x0000

