GowinSynthesis start
Running parser ...
Analyzing Verilog file '/Users/felipe/src/fpga/new-juice/src/cd_demux.v'
Analyzing Verilog file '/Users/felipe/src/fpga/new-juice/src/clockdiv.v'
Analyzing Verilog file '/Users/felipe/src/fpga/new-juice/src/audio_drive.v'
Analyzing Verilog file '/Users/felipe/src/fpga/new-juice/src/crc16.v'
Analyzing Verilog file '/Users/felipe/src/fpga/new-juice/src/dpram.v'
Analyzing Verilog file '/Users/felipe/src/fpga/new-juice/src/flash_roms.v'
Analyzing Verilog file '/Users/felipe/src/fpga/new-juice/src/input_debouncer.v'
Analyzing Verilog file '/Users/felipe/src/fpga/new-juice/src/IKASCC/IKASCC_modules/IKASCC_primitives.v'
Analyzing Verilog file '/Users/felipe/src/fpga/new-juice/src/IKASCC/IKASCC_modules/IKASCC_vrc_s.v'
Analyzing Verilog file '/Users/felipe/src/fpga/new-juice/src/IKASCC/IKASCC_modules/IKASCC_vrc_a.v'
Analyzing Verilog file '/Users/felipe/src/fpga/new-juice/src/IKASCC/IKASCC_modules/IKASCC_player_s.v'
Analyzing Verilog file '/Users/felipe/src/fpga/new-juice/src/IKASCC/IKASCC_modules/IKASCC_player_a.v'
Analyzing Verilog file '/Users/felipe/src/fpga/new-juice/src/IKASCC/IKASCC.v'
Analyzing Verilog file '/Users/felipe/src/fpga/new-juice/src/mp_debouncer.v'
Analyzing Verilog file '/Users/felipe/src/fpga/new-juice/src/rpll/rpll_main.v'
Analyzing Verilog file '/Users/felipe/src/fpga/new-juice/src/rpll/rpll_video.v'
Analyzing Verilog file '/Users/felipe/src/fpga/new-juice/src/sd_reader.sv'
Analyzing Verilog file '/Users/felipe/src/fpga/new-juice/src/sd_registers.v'
Analyzing Verilog file '/Users/felipe/src/fpga/new-juice/src/sdcmd_ctrl.sv'
Analyzing Verilog file '/Users/felipe/src/fpga/new-juice/src/sdram.v'
Analyzing Verilog file '/Users/felipe/src/fpga/new-juice/src/sdram_command_adapter.v'
Analyzing Verilog file '/Users/felipe/src/fpga/new-juice/src/sdram_mapper.v'
Analyzing Verilog file '/Users/felipe/src/fpga/new-juice/src/sdram_startup_test.v'
Analyzing Verilog file '/Users/felipe/src/fpga/new-juice/src/slot_expander.v'
Analyzing Verilog file '/Users/felipe/src/fpga/new-juice/src/spi_flash_reader.v'
Analyzing Verilog file '/Users/felipe/src/fpga/new-juice/src/super_megaram.v'
Analyzing Verilog file '/Users/felipe/src/fpga/new-juice/src/top.v'
Analyzing VHDL file '/Users/felipe/src/fpga/new-juice/src/YM2149/ym2149_audio.vhd'
Analyzing entity 'ym2149_audio'("/Users/felipe/src/fpga/new-juice/src/YM2149/ym2149_audio.vhd":155)
Analyzing architecture 'rtl'("/Users/felipe/src/fpga/new-juice/src/YM2149/ym2149_audio.vhd":176)
Analyzing VHDL file '/Users/felipe/src/fpga/new-juice/src/VM2413/vm2413.vhd'
Analyzing package 'vm2413'("/Users/felipe/src/fpga/new-juice/src/VM2413/vm2413.vhd":36)
Analyzing package body 'vm2413'("/Users/felipe/src/fpga/new-juice/src/VM2413/vm2413.vhd":152)
Analyzing VHDL file '/Users/felipe/src/fpga/new-juice/src/VM2413/attacktable.vhd'
Analyzing entity 'attack_table_mul'("/Users/felipe/src/fpga/new-juice/src/VM2413/attacktable.vhd":42)
Analyzing architecture 'rtl'("/Users/felipe/src/fpga/new-juice/src/VM2413/attacktable.vhd":50)
Analyzing entity 'attacktable'("/Users/felipe/src/fpga/new-juice/src/VM2413/attacktable.vhd":64)
Analyzing architecture 'rtl'("/Users/felipe/src/fpga/new-juice/src/VM2413/attacktable.vhd":73)
Analyzing VHDL file '/Users/felipe/src/fpga/new-juice/src/VM2413/controller.vhd'
Analyzing entity 'controller'("/Users/felipe/src/fpga/new-juice/src/VM2413/controller.vhd":70)
Analyzing architecture 'rtl'("/Users/felipe/src/fpga/new-juice/src/VM2413/controller.vhd":106)
Analyzing VHDL file '/Users/felipe/src/fpga/new-juice/src/VM2413/envelopegenerator.vhd'
Analyzing entity 'envelopegenerator'("/Users/felipe/src/fpga/new-juice/src/VM2413/envelopegenerator.vhd":42)
Analyzing architecture 'rtl'("/Users/felipe/src/fpga/new-juice/src/VM2413/envelopegenerator.vhd":65)
Analyzing VHDL file '/Users/felipe/src/fpga/new-juice/src/VM2413/envelopememory.vhd'
Analyzing entity 'envelopememory'("/Users/felipe/src/fpga/new-juice/src/VM2413/envelopememory.vhd":36)
Analyzing architecture 'rtl'("/Users/felipe/src/fpga/new-juice/src/VM2413/envelopememory.vhd":48)
Analyzing VHDL file '/Users/felipe/src/fpga/new-juice/src/VM2413/feedbackmemory.vhd'
Analyzing entity 'feedbackmemory'("/Users/felipe/src/fpga/new-juice/src/VM2413/feedbackmemory.vhd":41)
Analyzing architecture 'rtl'("/Users/felipe/src/fpga/new-juice/src/VM2413/feedbackmemory.vhd":52)
Analyzing VHDL file '/Users/felipe/src/fpga/new-juice/src/VM2413/lineartable.vhd'
Analyzing entity 'linear_table_mul'("/Users/felipe/src/fpga/new-juice/src/VM2413/lineartable.vhd":41)
Analyzing architecture 'rtl'("/Users/felipe/src/fpga/new-juice/src/VM2413/lineartable.vhd":49)
Analyzing entity 'lineartable'("/Users/felipe/src/fpga/new-juice/src/VM2413/lineartable.vhd":63)
Analyzing architecture 'rtl'("/Users/felipe/src/fpga/new-juice/src/VM2413/lineartable.vhd":72)
Analyzing VHDL file '/Users/felipe/src/fpga/new-juice/src/VM2413/operator.vhd'
Analyzing entity 'operator'("/Users/felipe/src/fpga/new-juice/src/VM2413/operator.vhd":41)
Analyzing architecture 'rtl'("/Users/felipe/src/fpga/new-juice/src/VM2413/operator.vhd":65)
Analyzing VHDL file '/Users/felipe/src/fpga/new-juice/src/VM2413/outputgenerator.vhd'
Analyzing entity 'outputgenerator'("/Users/felipe/src/fpga/new-juice/src/VM2413/outputgenerator.vhd":36)
Analyzing architecture 'rtl'("/Users/felipe/src/fpga/new-juice/src/VM2413/outputgenerator.vhd":55)
Analyzing VHDL file '/Users/felipe/src/fpga/new-juice/src/VM2413/outputmemory.vhd'
Analyzing entity 'outputmemory'("/Users/felipe/src/fpga/new-juice/src/VM2413/outputmemory.vhd":36)
Analyzing architecture 'rtl'("/Users/felipe/src/fpga/new-juice/src/VM2413/outputmemory.vhd":48)
Analyzing VHDL file '/Users/felipe/src/fpga/new-juice/src/VM2413/phasegenerator.vhd'
Analyzing entity 'phasegenerator'("/Users/felipe/src/fpga/new-juice/src/VM2413/phasegenerator.vhd":41)
Analyzing architecture 'rtl'("/Users/felipe/src/fpga/new-juice/src/VM2413/phasegenerator.vhd":61)
Analyzing VHDL file '/Users/felipe/src/fpga/new-juice/src/VM2413/phasememory.vhd'
Analyzing entity 'phasememory'("/Users/felipe/src/fpga/new-juice/src/VM2413/phasememory.vhd":36)
Analyzing architecture 'rtl'("/Users/felipe/src/fpga/new-juice/src/VM2413/phasememory.vhd":47)
Analyzing VHDL file '/Users/felipe/src/fpga/new-juice/src/VM2413/registermemory.vhd'
Analyzing entity 'registermemory'("/Users/felipe/src/fpga/new-juice/src/VM2413/registermemory.vhd":40)
Analyzing architecture 'rtl'("/Users/felipe/src/fpga/new-juice/src/VM2413/registermemory.vhd":51)
Analyzing VHDL file '/Users/felipe/src/fpga/new-juice/src/VM2413/sinetable.vhd'
Analyzing entity 'interpolate_mul'("/Users/felipe/src/fpga/new-juice/src/VM2413/sinetable.vhd":41)
Analyzing architecture 'rtl'("/Users/felipe/src/fpga/new-juice/src/VM2413/sinetable.vhd":49)
Analyzing entity 'sinetable'("/Users/felipe/src/fpga/new-juice/src/VM2413/sinetable.vhd":63)
Analyzing architecture 'rtl'("/Users/felipe/src/fpga/new-juice/src/VM2413/sinetable.vhd":73)
Analyzing VHDL file '/Users/felipe/src/fpga/new-juice/src/VM2413/slotcounter.vhd'
Analyzing entity 'slotcounter'("/Users/felipe/src/fpga/new-juice/src/VM2413/slotcounter.vhd":40)
Analyzing architecture 'rtl'("/Users/felipe/src/fpga/new-juice/src/VM2413/slotcounter.vhd":54)
Analyzing VHDL file '/Users/felipe/src/fpga/new-juice/src/VM2413/temporalmixer.vhd'
Analyzing entity 'temporalmixer'("/Users/felipe/src/fpga/new-juice/src/VM2413/temporalmixer.vhd":37)
Analyzing architecture 'rtl'("/Users/felipe/src/fpga/new-juice/src/VM2413/temporalmixer.vhd":55)
Analyzing VHDL file '/Users/felipe/src/fpga/new-juice/src/VM2413/voicememory.vhd'
Analyzing entity 'voicememory'("/Users/felipe/src/fpga/new-juice/src/VM2413/voicememory.vhd":36)
Analyzing architecture 'rtl'("/Users/felipe/src/fpga/new-juice/src/VM2413/voicememory.vhd":50)
Analyzing VHDL file '/Users/felipe/src/fpga/new-juice/src/VM2413/voicerom.vhd'
Analyzing entity 'voicerom'("/Users/felipe/src/fpga/new-juice/src/VM2413/voicerom.vhd":38)
Analyzing architecture 'rtl'("/Users/felipe/src/fpga/new-juice/src/VM2413/voicerom.vhd":47)
Analyzing VHDL file '/Users/felipe/src/fpga/new-juice/src/VM2413/opll.vhd'
Analyzing entity 'opll'("/Users/felipe/src/fpga/new-juice/src/VM2413/opll.vhd":41)
Analyzing architecture 'rtl'("/Users/felipe/src/fpga/new-juice/src/VM2413/opll.vhd":55)
WARN  (EX3073) : Port 'clkoutd' remains unconnected for this instance("/Users/felipe/src/fpga/new-juice/src/top.v":171)
Compiling module 'top'("/Users/felipe/src/fpga/new-juice/src/top.v":1)
Compiling module 'clockdiv'("/Users/felipe/src/fpga/new-juice/src/clockdiv.v":33)
Compiling module 'audio_drive'("/Users/felipe/src/fpga/new-juice/src/audio_drive.v":1)
Compiling module 'rpll_main'("/Users/felipe/src/fpga/new-juice/src/rpll/rpll_main.v":10)
Switching to VHDL mode to elaborate design unit 'ym2149_audio'("/Users/felipe/src/fpga/new-juice/src/top.v":362)
Processing 'ym2149_audio(rtl)'("/Users/felipe/src/fpga/new-juice/src/YM2149/ym2149_audio.vhd":155)
Extracting RAM for identifier 'dacrom_ar'("/Users/felipe/src/fpga/new-juice/src/YM2149/ym2149_audio.vhd":361)
Returning to Verilog mode to proceed with elaboration("/Users/felipe/src/fpga/new-juice/src/top.v":362)
Switching to VHDL mode to elaborate design unit 'opll'("/Users/felipe/src/fpga/new-juice/src/top.v":384)
Processing 'opll(rtl)'("/Users/felipe/src/fpga/new-juice/src/VM2413/opll.vhd":41)
Processing 'SlotCounter(delay=0)(rtl)'("/Users/felipe/src/fpga/new-juice/src/VM2413/slotcounter.vhd":40)
Processing 'SlotCounter(delay=2)(rtl)'("/Users/felipe/src/fpga/new-juice/src/VM2413/slotcounter.vhd":40)
Processing 'SlotCounter(delay=5)(rtl)'("/Users/felipe/src/fpga/new-juice/src/VM2413/slotcounter.vhd":40)
Processing 'SlotCounter(delay=8)(rtl)'("/Users/felipe/src/fpga/new-juice/src/VM2413/slotcounter.vhd":40)
Processing 'controller(rtl)'("/Users/felipe/src/fpga/new-juice/src/VM2413/controller.vhd":70)
Processing 'RegisterMemory(rtl)'("/Users/felipe/src/fpga/new-juice/src/VM2413/registermemory.vhd":40)
Extracting RAM for identifier 'regs_array'("/Users/felipe/src/fpga/new-juice/src/VM2413/registermemory.vhd":54)
Processing 'VoiceMemory(RTL)'("/Users/felipe/src/fpga/new-juice/src/VM2413/voicememory.vhd":36)
Extracting RAM for identifier 'voices'("/Users/felipe/src/fpga/new-juice/src/VM2413/voicememory.vhd":55)
Processing 'VoiceRom(RTL)'("/Users/felipe/src/fpga/new-juice/src/VM2413/voicerom.vhd":38)
WARN  (EX4545) : Array bounds of function return type do not match array bounds of function return value("/Users/felipe/src/fpga/new-juice/src/VM2413/vm2413.vhd":171)
WARN  (EX4160) : Latch inferred for net 'tll[7]'("/Users/felipe/src/fpga/new-juice/src/VM2413/controller.vhd":511)
Processing 'envelopegenerator(rtl)'("/Users/felipe/src/fpga/new-juice/src/VM2413/envelopegenerator.vhd":42)
Processing 'AttackTable(rtl)'("/Users/felipe/src/fpga/new-juice/src/VM2413/attacktable.vhd":64)
Processing 'attack_table_mul(rtl)'("/Users/felipe/src/fpga/new-juice/src/VM2413/attacktable.vhd":42)
Processing 'EnvelopeMemory(RTL)'("/Users/felipe/src/fpga/new-juice/src/VM2413/envelopememory.vhd":36)
Extracting RAM for identifier 'egdata_set'("/Users/felipe/src/fpga/new-juice/src/VM2413/envelopememory.vhd":51)
WARN  (EX4545) : Array bounds of function return type do not match array bounds of function return value("/Users/felipe/src/fpga/new-juice/src/VM2413/vm2413.vhd":206)
Processing 'PhaseGenerator(RTL)'("/Users/felipe/src/fpga/new-juice/src/VM2413/phasegenerator.vhd":41)
WARN  (EX4160) : Latch inferred for net 'dphase[17]'("/Users/felipe/src/fpga/new-juice/src/VM2413/phasegenerator.vhd":172)
Processing 'PhaseMemory(RTL)'("/Users/felipe/src/fpga/new-juice/src/VM2413/phasememory.vhd":36)
Extracting RAM for identifier 'phase_array'("/Users/felipe/src/fpga/new-juice/src/VM2413/phasememory.vhd":50)
Processing 'Operator(rtl)'("/Users/felipe/src/fpga/new-juice/src/VM2413/operator.vhd":41)
Processing 'SineTable(rtl)'("/Users/felipe/src/fpga/new-juice/src/VM2413/sinetable.vhd":63)
Processing 'interpolate_mul(rtl)'("/Users/felipe/src/fpga/new-juice/src/VM2413/sinetable.vhd":41)
Processing 'OutputGenerator(RTL)'("/Users/felipe/src/fpga/new-juice/src/VM2413/outputgenerator.vhd":36)
Processing 'FeedbackMemory(RTL)'("/Users/felipe/src/fpga/new-juice/src/VM2413/feedbackmemory.vhd":41)
Extracting RAM for identifier 'data_array'("/Users/felipe/src/fpga/new-juice/src/VM2413/feedbackmemory.vhd":55)
WARN  (EX4545) : Array bounds of function return type do not match array bounds of function return value("/Users/felipe/src/fpga/new-juice/src/VM2413/vm2413.vhd":186)
Processing 'OutputMemory(RTL)'("/Users/felipe/src/fpga/new-juice/src/VM2413/outputmemory.vhd":36)
Extracting RAM for identifier 'data_array'("/Users/felipe/src/fpga/new-juice/src/VM2413/outputmemory.vhd":51)
Processing 'LinearTable(rtl)'("/Users/felipe/src/fpga/new-juice/src/VM2413/lineartable.vhd":63)
Processing 'linear_table_mul(rtl)'("/Users/felipe/src/fpga/new-juice/src/VM2413/lineartable.vhd":41)
Processing 'TemporalMixer(RTL)'("/Users/felipe/src/fpga/new-juice/src/VM2413/temporalmixer.vhd":37)
Returning to Verilog mode to proceed with elaboration("/Users/felipe/src/fpga/new-juice/src/top.v":384)
Compiling module 'input_debouncer(WIDTH=3)'("/Users/felipe/src/fpga/new-juice/src/input_debouncer.v":1)
Compiling module 'input_debouncer(WIDTH=8)'("/Users/felipe/src/fpga/new-juice/src/input_debouncer.v":1)
Compiling module 'mp_debouncer'("/Users/felipe/src/fpga/new-juice/src/mp_debouncer.v":1)
Compiling module 'slot_expander'("/Users/felipe/src/fpga/new-juice/src/slot_expander.v":1)
Compiling module 'sdram_startup_test'("/Users/felipe/src/fpga/new-juice/src/sdram_startup_test.v":1)
Compiling module 'sdram_mapper'("/Users/felipe/src/fpga/new-juice/src/sdram_mapper.v":1)
Compiling module 'super_megaram'("/Users/felipe/src/fpga/new-juice/src/super_megaram.v":1)
Compiling module 'sd_registers'("/Users/felipe/src/fpga/new-juice/src/sd_registers.v":1)
Compiling module 'dpram(widthad_a=9)'("/Users/felipe/src/fpga/new-juice/src/dpram.v":1)
Extracting RAM for identifier 'mem_r'("/Users/felipe/src/fpga/new-juice/src/dpram.v":23)
Compiling module 'sd_reader'("/Users/felipe/src/fpga/new-juice/src/sd_reader.sv":11)
WARN  (EX3791) : Expression size 5 truncated to fit in target size 4("/Users/felipe/src/fpga/new-juice/src/sd_reader.sv":125)
Compiling module 'sdcmd_ctrl'("/Users/felipe/src/fpga/new-juice/src/sdcmd_ctrl.sv":10)
WARN  (EX3771) : Module instantiation should have an instance name("/Users/felipe/src/fpga/new-juice/src/sd_reader.sv":304)
Compiling module 'sd_crc_16'("/Users/felipe/src/fpga/new-juice/src/crc16.v":5)
Compiling module 'flash_roms'("/Users/felipe/src/fpga/new-juice/src/flash_roms.v":1)
Compiling module 'spi_flash_reader'("/Users/felipe/src/fpga/new-juice/src/spi_flash_reader.v":1)
Compiling module 'cd_demux'("/Users/felipe/src/fpga/new-juice/src/cd_demux.v":1)
Compiling module 'sdram_command_adapter'("/Users/felipe/src/fpga/new-juice/src/sdram_command_adapter.v":1)
Compiling module 'sdram'("/Users/felipe/src/fpga/new-juice/src/sdram.v":27)
WARN  (EX3791) : Expression size 16 truncated to fit in target size 15("/Users/felipe/src/fpga/new-juice/src/sdram.v":285)
NOTE  (EX0101) : Current top module is "top"
[5%] Running netlist conversion ...
WARN  (CV0016) : Input s2 is unused("/Users/felipe/src/fpga/new-juice/src/top.v":5)
Running device independent optimization ...
[10%] Optimizing Phase 0 completed
[15%] Optimizing Phase 1 completed
[25%] Optimizing Phase 2 completed
Running inference ...
[30%] Inferring Phase 0 completed
[40%] Inferring Phase 1 completed
[50%] Inferring Phase 2 completed
[55%] Inferring Phase 3 completed
Running technical mapping ...
[60%] Tech-Mapping Phase 0 completed
[65%] Tech-Mapping Phase 1 completed
[75%] Tech-Mapping Phase 2 completed
[80%] Tech-Mapping Phase 3 completed
[90%] Tech-Mapping Phase 4 completed
[95%] Generate netlist file "/Users/felipe/src/fpga/new-juice/impl/gwsynthesis/new-juice.vg" completed
[100%] Generate report file "/Users/felipe/src/fpga/new-juice/impl/gwsynthesis/new-juice_syn.rpt.html" completed
GowinSynthesis finish
