GowinSynthesis start
Running parser ...
Analyzing Verilog file '/Applications/GowinIDE.app/Contents/Resources/Gowin_EDA/IDE/ipcore/SDRC_HS/data/SDRAM_Controller_HS_Top.v'
Analyzing included file 'sdrc_hs_defines.v'("/Applications/GowinIDE.app/Contents/Resources/Gowin_EDA/IDE/ipcore/SDRC_HS/data/SDRAM_Controller_HS_Top.v":2)
Back to file '/Applications/GowinIDE.app/Contents/Resources/Gowin_EDA/IDE/ipcore/SDRC_HS/data/SDRAM_Controller_HS_Top.v'("/Applications/GowinIDE.app/Contents/Resources/Gowin_EDA/IDE/ipcore/SDRC_HS/data/SDRAM_Controller_HS_Top.v":2)
Analyzing included file 'sdrc_hs_name.v'("/Applications/GowinIDE.app/Contents/Resources/Gowin_EDA/IDE/ipcore/SDRC_HS/data/SDRAM_Controller_HS_Top.v":3)
Back to file '/Applications/GowinIDE.app/Contents/Resources/Gowin_EDA/IDE/ipcore/SDRC_HS/data/SDRAM_Controller_HS_Top.v'("/Applications/GowinIDE.app/Contents/Resources/Gowin_EDA/IDE/ipcore/SDRC_HS/data/SDRAM_Controller_HS_Top.v":3)
Analyzing Verilog file '/Applications/GowinIDE.app/Contents/Resources/Gowin_EDA/IDE/ipcore/SDRC_HS/data/sdrc_hs_top.vp'
Analyzing included file 'sdrc_hs_defines.v'("/Applications/GowinIDE.app/Contents/Resources/Gowin_EDA/IDE/ipcore/SDRC_HS/data/sdrc_hs_top.vp":702)
Back to file '/Applications/GowinIDE.app/Contents/Resources/Gowin_EDA/IDE/ipcore/SDRC_HS/data/sdrc_hs_top.vp'("/Applications/GowinIDE.app/Contents/Resources/Gowin_EDA/IDE/ipcore/SDRC_HS/data/sdrc_hs_top.vp":702)
Analyzing included file 'sdrc_hs_name.v'("/Applications/GowinIDE.app/Contents/Resources/Gowin_EDA/IDE/ipcore/SDRC_HS/data/sdrc_hs_top.vp":702)
Back to file '/Applications/GowinIDE.app/Contents/Resources/Gowin_EDA/IDE/ipcore/SDRC_HS/data/sdrc_hs_top.vp'("/Applications/GowinIDE.app/Contents/Resources/Gowin_EDA/IDE/ipcore/SDRC_HS/data/sdrc_hs_top.vp":702)
Compiling module 'SDRAM'("/Applications/GowinIDE.app/Contents/Resources/Gowin_EDA/IDE/ipcore/SDRC_HS/data/SDRAM_Controller_HS_Top.v":6)
Compiling module '**'("/Applications/GowinIDE.app/Contents/Resources/Gowin_EDA/IDE/ipcore/SDRC_HS/data/sdrc_hs_top.vp":702)
WARN  (EX3670) : Actual bit length ** differs from formal bit length *** for port '**'("/Applications/GowinIDE.app/Contents/Resources/Gowin_EDA/IDE/ipcore/SDRC_HS/data/sdrc_hs_top.vp":702)
WARN  (EX3791) : Expression size ** truncated to fit in target size **("/Applications/GowinIDE.app/Contents/Resources/Gowin_EDA/IDE/ipcore/SDRC_HS/data/sdrc_hs_top.vp":702)
NOTE  (EX0101) : Current top module is "SDRAM"
[5%] Running netlist conversion ...
Running device independent optimization ...
[10%] Optimizing Phase 0 completed
[15%] Optimizing Phase 1 completed
[25%] Optimizing Phase 2 completed
Running inference ...
[30%] Inferring Phase 0 completed
[40%] Inferring Phase 1 completed
[50%] Inferring Phase 2 completed
[55%] Inferring Phase 3 completed
Running technical mapping ...
[60%] Tech-Mapping Phase 0 completed
[65%] Tech-Mapping Phase 1 completed
[75%] Tech-Mapping Phase 2 completed
[80%] Tech-Mapping Phase 3 completed
[90%] Tech-Mapping Phase 4 completed
[95%] Generate netlist file "/Users/felipe/src/fpga/new-juice/new-juice/src/sdram/temp/SDRC_HS/sdram.vg" completed
Generate template file "/Users/felipe/src/fpga/new-juice/new-juice/src/sdram/temp/SDRC_HS/sdram_tmp.v" completed
[100%] Generate report file "/Users/felipe/src/fpga/new-juice/new-juice/src/sdram/temp/SDRC_HS/sdram_syn.rpt.html" completed
GowinSynthesis finish
